Archive member included because of file (symbol)

/usr/local/CrossPack-AVR-20120217/lib/gcc/avr/4.5.1/../../../../avr/lib/libpololu_atmega328p.a(OrangutanBuzzer.o)
                              ./src/main.o (play)
/usr/local/CrossPack-AVR-20120217/lib/gcc/avr/4.5.1/../../../../avr/lib/libpololu_atmega328p.a(OrangutanLCD.o)
                              ./src/main.o (print)
/usr/local/CrossPack-AVR-20120217/lib/gcc/avr/4.5.1/../../../../avr/lib/libpololu_atmega328p.a(OrangutanTime.o)
                              ./src/main.o (delay_ms)
/usr/local/CrossPack-AVR-20120217/lib/gcc/avr/4.5.1/avr5/libgcc.a(_mulsi3.o)
                              /usr/local/CrossPack-AVR-20120217/lib/gcc/avr/4.5.1/../../../../avr/lib/libpololu_atmega328p.a(OrangutanBuzzer.o) (__mulsi3)
/usr/local/CrossPack-AVR-20120217/lib/gcc/avr/4.5.1/avr5/libgcc.a(_udivmodqi4.o)
                              /usr/local/CrossPack-AVR-20120217/lib/gcc/avr/4.5.1/../../../../avr/lib/libpololu_atmega328p.a(OrangutanBuzzer.o) (__udivmodqi4)
/usr/local/CrossPack-AVR-20120217/lib/gcc/avr/4.5.1/avr5/libgcc.a(_udivmodhi4.o)
                              /usr/local/CrossPack-AVR-20120217/lib/gcc/avr/4.5.1/../../../../avr/lib/libpololu_atmega328p.a(OrangutanBuzzer.o) (__udivmodhi4)
/usr/local/CrossPack-AVR-20120217/lib/gcc/avr/4.5.1/avr5/libgcc.a(_udivmodsi4.o)
                              /usr/local/CrossPack-AVR-20120217/lib/gcc/avr/4.5.1/../../../../avr/lib/libpololu_atmega328p.a(OrangutanBuzzer.o) (__udivmodsi4)
/usr/local/CrossPack-AVR-20120217/lib/gcc/avr/4.5.1/avr5/libgcc.a(_divmodsi4.o)
                              /usr/local/CrossPack-AVR-20120217/lib/gcc/avr/4.5.1/../../../../avr/lib/libpololu_atmega328p.a(OrangutanBuzzer.o) (__divmodsi4)
/usr/local/CrossPack-AVR-20120217/lib/gcc/avr/4.5.1/avr5/libgcc.a(_prologue.o)
                              /usr/local/CrossPack-AVR-20120217/lib/gcc/avr/4.5.1/../../../../avr/lib/libpololu_atmega328p.a(OrangutanBuzzer.o) (__prologue_saves__)
/usr/local/CrossPack-AVR-20120217/lib/gcc/avr/4.5.1/avr5/libgcc.a(_epilogue.o)
                              /usr/local/CrossPack-AVR-20120217/lib/gcc/avr/4.5.1/../../../../avr/lib/libpololu_atmega328p.a(OrangutanBuzzer.o) (__epilogue_restores__)
/usr/local/CrossPack-AVR-20120217/lib/gcc/avr/4.5.1/avr5/libgcc.a(_exit.o)
                              /usr/local/CrossPack-AVR-20120217/lib/gcc/avr/4.5.1/../../../../avr/lib/avr5/crtm328p.o (exit)
/usr/local/CrossPack-AVR-20120217/lib/gcc/avr/4.5.1/avr5/libgcc.a(_copy_data.o)
                              ./src/main.o (__do_copy_data)
/usr/local/CrossPack-AVR-20120217/lib/gcc/avr/4.5.1/avr5/libgcc.a(_clear_bss.o)
                              /usr/local/CrossPack-AVR-20120217/lib/gcc/avr/4.5.1/../../../../avr/lib/libpololu_atmega328p.a(OrangutanBuzzer.o) (__do_clear_bss)
/usr/local/CrossPack-AVR-20120217/lib/gcc/avr/4.5.1/../../../../avr/lib/avr5/libc.a(malloc.o)
                              /usr/local/CrossPack-AVR-20120217/lib/gcc/avr/4.5.1/../../../../avr/lib/libpololu_atmega328p.a(OrangutanLCD.o) (malloc)
/usr/local/CrossPack-AVR-20120217/lib/gcc/avr/4.5.1/../../../../avr/lib/avr5/libc.a(fdevopen.o)
                              /usr/local/CrossPack-AVR-20120217/lib/gcc/avr/4.5.1/../../../../avr/lib/libpololu_atmega328p.a(OrangutanLCD.o) (fdevopen)
/usr/local/CrossPack-AVR-20120217/lib/gcc/avr/4.5.1/../../../../avr/lib/avr5/libc.a(iob.o)
                              /usr/local/CrossPack-AVR-20120217/lib/gcc/avr/4.5.1/../../../../avr/lib/avr5/libc.a(fdevopen.o) (__iob)
/usr/local/CrossPack-AVR-20120217/lib/gcc/avr/4.5.1/../../../../avr/lib/avr5/libc.a(calloc.o)
                              /usr/local/CrossPack-AVR-20120217/lib/gcc/avr/4.5.1/../../../../avr/lib/avr5/libc.a(fdevopen.o) (calloc)
/usr/local/CrossPack-AVR-20120217/lib/gcc/avr/4.5.1/../../../../avr/lib/avr5/libc.a(memset.o)
                              /usr/local/CrossPack-AVR-20120217/lib/gcc/avr/4.5.1/../../../../avr/lib/avr5/libc.a(calloc.o) (memset)

Allocating common symbols
Common symbol       size              file

__brkval            0x2               /usr/local/CrossPack-AVR-20120217/lib/gcc/avr/4.5.1/../../../../avr/lib/avr5/libc.a(malloc.o)
__flp               0x2               /usr/local/CrossPack-AVR-20120217/lib/gcc/avr/4.5.1/../../../../avr/lib/avr5/libc.a(malloc.o)
__iob               0x6               /usr/local/CrossPack-AVR-20120217/lib/gcc/avr/4.5.1/../../../../avr/lib/avr5/libc.a(iob.o)

Memory Configuration

Name             Origin             Length             Attributes
text             0x00000000         0x00020000         xr
data             0x00800060         0x0000ffa0         rw !x
eeprom           0x00810000         0x00010000         rw !x
fuse             0x00820000         0x00000400         rw !x
lock             0x00830000         0x00000400         rw !x
signature        0x00840000         0x00000400         rw !x
*default*        0x00000000         0xffffffff

Linker script and memory map

Address of section .data set to 0x800100
LOAD /usr/local/CrossPack-AVR-20120217/lib/gcc/avr/4.5.1/../../../../avr/lib/avr5/crtm328p.o
LOAD ./src/main.o
LOAD /usr/local/CrossPack-AVR-20120217/lib/gcc/avr/4.5.1/../../../../avr/lib/libpololu_atmega328p.a
LOAD /usr/local/CrossPack-AVR-20120217/lib/gcc/avr/4.5.1/avr5/libgcc.a
LOAD /usr/local/CrossPack-AVR-20120217/lib/gcc/avr/4.5.1/../../../../avr/lib/avr5/libm.a
LOAD /usr/local/CrossPack-AVR-20120217/lib/gcc/avr/4.5.1/avr5/libgcc.a
LOAD /usr/local/CrossPack-AVR-20120217/lib/gcc/avr/4.5.1/../../../../avr/lib/avr5/libc.a
LOAD /usr/local/CrossPack-AVR-20120217/lib/gcc/avr/4.5.1/avr5/libgcc.a

.hash
 *(.hash)

.dynsym
 *(.dynsym)

.dynstr
 *(.dynstr)

.gnu.version
 *(.gnu.version)

.gnu.version_d
 *(.gnu.version_d)

.gnu.version_r
 *(.gnu.version_r)

.rel.init
 *(.rel.init)

.rela.init
 *(.rela.init)

.rel.text
 *(.rel.text)
 *(.rel.text.*)
 *(.rel.gnu.linkonce.t*)

.rela.text
 *(.rela.text)
 *(.rela.text.*)
 *(.rela.gnu.linkonce.t*)

.rel.fini
 *(.rel.fini)

.rela.fini
 *(.rela.fini)

.rel.rodata
 *(.rel.rodata)
 *(.rel.rodata.*)
 *(.rel.gnu.linkonce.r*)

.rela.rodata
 *(.rela.rodata)
 *(.rela.rodata.*)
 *(.rela.gnu.linkonce.r*)

.rel.data
 *(.rel.data)
 *(.rel.data.*)
 *(.rel.gnu.linkonce.d*)

.rela.data
 *(.rela.data)
 *(.rela.data.*)
 *(.rela.gnu.linkonce.d*)

.rel.ctors
 *(.rel.ctors)

.rela.ctors
 *(.rela.ctors)

.rel.dtors
 *(.rel.dtors)

.rela.dtors
 *(.rela.dtors)

.rel.got
 *(.rel.got)

.rela.got
 *(.rela.got)

.rel.bss
 *(.rel.bss)

.rela.bss
 *(.rela.bss)

.rel.plt
 *(.rel.plt)

.rela.plt
 *(.rela.plt)

.text           0x00000000     0x172e
 *(.vectors)
 .vectors       0x00000000       0x68 /usr/local/CrossPack-AVR-20120217/lib/gcc/avr/4.5.1/../../../../avr/lib/avr5/crtm328p.o
                0x00000000                __vectors
                0x00000000                __vector_default
 *(.vectors)
 *(.progmem.gcc*)
 *(.progmem*)
                0x00000068                . = ALIGN (0x2)
                0x00000068                __trampolines_start = .
 *(.trampolines)
 .trampolines   0x00000068        0x0 linker stubs
 *(.trampolines*)
                0x00000068                __trampolines_end = .
 *(.jumptables)
 *(.jumptables*)
 *(.lowtext)
 *(.lowtext*)
                0x00000068                __ctors_start = .
 *(.ctors)
                0x00000068                __ctors_end = .
                0x00000068                __dtors_start = .
 *(.dtors)
                0x00000068                __dtors_end = .
 SORT(*)(.ctors)
 SORT(*)(.dtors)
 *(.init0)
 .init0         0x00000068        0x0 /usr/local/CrossPack-AVR-20120217/lib/gcc/avr/4.5.1/../../../../avr/lib/avr5/crtm328p.o
                0x00000068                __init
 *(.init0)
 *(.init1)
 *(.init1)
 *(.init2)
 .init2         0x00000068        0xc /usr/local/CrossPack-AVR-20120217/lib/gcc/avr/4.5.1/../../../../avr/lib/avr5/crtm328p.o
 *(.init2)
 *(.init3)
 *(.init3)
 *(.init4)
 .init4         0x00000074       0x16 /usr/local/CrossPack-AVR-20120217/lib/gcc/avr/4.5.1/avr5/libgcc.a(_copy_data.o)
                0x00000074                __do_copy_data
 .init4         0x0000008a       0x10 /usr/local/CrossPack-AVR-20120217/lib/gcc/avr/4.5.1/avr5/libgcc.a(_clear_bss.o)
                0x0000008a                __do_clear_bss
 *(.init4)
 *(.init5)
 *(.init5)
 *(.init6)
 *(.init6)
 *(.init7)
 *(.init7)
 *(.init8)
 *(.init8)
 *(.init9)
 .init9         0x0000009a        0x8 /usr/local/CrossPack-AVR-20120217/lib/gcc/avr/4.5.1/../../../../avr/lib/avr5/crtm328p.o
 *(.init9)
 *(.text)
 .text          0x000000a2        0x4 /usr/local/CrossPack-AVR-20120217/lib/gcc/avr/4.5.1/../../../../avr/lib/avr5/crtm328p.o
                0x000000a2                __vector_20
                0x000000a2                __vector_1
                0x000000a2                __vector_24
                0x000000a2                __vector_12
                0x000000a2                __bad_interrupt
                0x000000a2                __vector_6
                0x000000a2                __vector_3
                0x000000a2                __vector_23
                0x000000a2                __vector_25
                0x000000a2                __vector_11
                0x000000a2                __vector_17
                0x000000a2                __vector_19
                0x000000a2                __vector_7
                0x000000a2                __vector_5
                0x000000a2                __vector_4
                0x000000a2                __vector_2
                0x000000a2                __vector_21
                0x000000a2                __vector_15
                0x000000a2                __vector_8
                0x000000a2                __vector_14
                0x000000a2                __vector_10
                0x000000a2                __vector_16
                0x000000a2                __vector_18
                0x000000a2                __vector_22
 .text          0x000000a6       0xf4 ./src/main.o
                0x0000013e                _Z10debug_putsPKc
                0x00000150                main
 .text          0x0000019a        0x0 /usr/local/CrossPack-AVR-20120217/lib/gcc/avr/4.5.1/../../../../avr/lib/libpololu_atmega328p.a(OrangutanBuzzer.o)
 .text          0x0000019a        0x0 /usr/local/CrossPack-AVR-20120217/lib/gcc/avr/4.5.1/../../../../avr/lib/libpololu_atmega328p.a(OrangutanLCD.o)
 .text          0x0000019a        0x0 /usr/local/CrossPack-AVR-20120217/lib/gcc/avr/4.5.1/../../../../avr/lib/libpololu_atmega328p.a(OrangutanTime.o)
 .text          0x0000019a        0x0 /usr/local/CrossPack-AVR-20120217/lib/gcc/avr/4.5.1/avr5/libgcc.a(_mulsi3.o)
 .text          0x0000019a        0x0 /usr/local/CrossPack-AVR-20120217/lib/gcc/avr/4.5.1/avr5/libgcc.a(_udivmodqi4.o)
 .text          0x0000019a        0x0 /usr/local/CrossPack-AVR-20120217/lib/gcc/avr/4.5.1/avr5/libgcc.a(_udivmodhi4.o)
 .text          0x0000019a        0x0 /usr/local/CrossPack-AVR-20120217/lib/gcc/avr/4.5.1/avr5/libgcc.a(_udivmodsi4.o)
 .text          0x0000019a        0x0 /usr/local/CrossPack-AVR-20120217/lib/gcc/avr/4.5.1/avr5/libgcc.a(_divmodsi4.o)
 .text          0x0000019a        0x0 /usr/local/CrossPack-AVR-20120217/lib/gcc/avr/4.5.1/avr5/libgcc.a(_prologue.o)
 .text          0x0000019a        0x0 /usr/local/CrossPack-AVR-20120217/lib/gcc/avr/4.5.1/avr5/libgcc.a(_epilogue.o)
 .text          0x0000019a        0x0 /usr/local/CrossPack-AVR-20120217/lib/gcc/avr/4.5.1/avr5/libgcc.a(_exit.o)
 .text          0x0000019a        0x0 /usr/local/CrossPack-AVR-20120217/lib/gcc/avr/4.5.1/avr5/libgcc.a(_copy_data.o)
 .text          0x0000019a        0x0 /usr/local/CrossPack-AVR-20120217/lib/gcc/avr/4.5.1/avr5/libgcc.a(_clear_bss.o)
 .text          0x0000019a        0x0 /usr/local/CrossPack-AVR-20120217/lib/gcc/avr/4.5.1/../../../../avr/lib/avr5/libc.a(malloc.o)
 .text          0x0000019a        0x0 /usr/local/CrossPack-AVR-20120217/lib/gcc/avr/4.5.1/../../../../avr/lib/avr5/libc.a(fdevopen.o)
 .text          0x0000019a        0x0 /usr/local/CrossPack-AVR-20120217/lib/gcc/avr/4.5.1/../../../../avr/lib/avr5/libc.a(iob.o)
 .text          0x0000019a        0x0 /usr/local/CrossPack-AVR-20120217/lib/gcc/avr/4.5.1/../../../../avr/lib/avr5/libc.a(calloc.o)
 .text          0x0000019a        0x0 /usr/local/CrossPack-AVR-20120217/lib/gcc/avr/4.5.1/../../../../avr/lib/avr5/libc.a(memset.o)
                0x0000019a                . = ALIGN (0x2)
 *(.text.*)
 .text._ZL16currentCharacterv
                0x0000019a       0x44 /usr/local/CrossPack-AVR-20120217/lib/gcc/avr/4.5.1/../../../../avr/lib/libpololu_atmega328p.a(OrangutanBuzzer.o)
 .text._ZL9getNumberv
                0x000001de       0x54 /usr/local/CrossPack-AVR-20120217/lib/gcc/avr/4.5.1/../../../../avr/lib/libpololu_atmega328p.a(OrangutanBuzzer.o)
 .text._ZN15OrangutanBuzzerC2Ev
                0x00000232        0x2 /usr/local/CrossPack-AVR-20120217/lib/gcc/avr/4.5.1/../../../../avr/lib/libpololu_atmega328p.a(OrangutanBuzzer.o)
                0x00000232                _ZN15OrangutanBuzzerC2Ev
                0x00000232                _ZN15OrangutanBuzzerC1Ev
 .text._ZN15OrangutanBuzzer5init2Ev
                0x00000234       0x2e /usr/local/CrossPack-AVR-20120217/lib/gcc/avr/4.5.1/../../../../avr/lib/libpololu_atmega328p.a(OrangutanBuzzer.o)
                0x00000234                _ZN15OrangutanBuzzer5init2Ev
 .text._ZN15OrangutanBuzzer4initEv
                0x00000262       0x14 /usr/local/CrossPack-AVR-20120217/lib/gcc/avr/4.5.1/../../../../avr/lib/libpololu_atmega328p.a(OrangutanBuzzer.o)
                0x00000262                _ZN15OrangutanBuzzer4initEv
 .text._ZN15OrangutanBuzzer13playFrequencyEjjh
                0x00000276      0x162 /usr/local/CrossPack-AVR-20120217/lib/gcc/avr/4.5.1/../../../../avr/lib/libpololu_atmega328p.a(OrangutanBuzzer.o)
                0x00000276                _ZN15OrangutanBuzzer13playFrequencyEjjh
 .text.play_frequency
                0x000003d8        0x6 /usr/local/CrossPack-AVR-20120217/lib/gcc/avr/4.5.1/../../../../avr/lib/libpololu_atmega328p.a(OrangutanBuzzer.o)
                0x000003d8                play_frequency
 .text._ZN15OrangutanBuzzer8playNoteEhjh
                0x000003de       0xac /usr/local/CrossPack-AVR-20120217/lib/gcc/avr/4.5.1/../../../../avr/lib/libpololu_atmega328p.a(OrangutanBuzzer.o)
                0x000003de                _ZN15OrangutanBuzzer8playNoteEhjh
 .text._ZL8nextNotev
                0x0000048a      0x2a4 /usr/local/CrossPack-AVR-20120217/lib/gcc/avr/4.5.1/../../../../avr/lib/libpololu_atmega328p.a(OrangutanBuzzer.o)
 .text.__vector_13
                0x0000072e       0xa2 /usr/local/CrossPack-AVR-20120217/lib/gcc/avr/4.5.1/../../../../avr/lib/libpololu_atmega328p.a(OrangutanBuzzer.o)
                0x0000072e                __vector_13
 .text.play_note
                0x000007d0        0x6 /usr/local/CrossPack-AVR-20120217/lib/gcc/avr/4.5.1/../../../../avr/lib/libpololu_atmega328p.a(OrangutanBuzzer.o)
                0x000007d0                play_note
 .text._ZN15OrangutanBuzzer9isPlayingEv
                0x000007d6       0x20 /usr/local/CrossPack-AVR-20120217/lib/gcc/avr/4.5.1/../../../../avr/lib/libpololu_atmega328p.a(OrangutanBuzzer.o)
                0x000007d6                _ZN15OrangutanBuzzer9isPlayingEv
 .text.is_playing
                0x000007f6        0x6 /usr/local/CrossPack-AVR-20120217/lib/gcc/avr/4.5.1/../../../../avr/lib/libpololu_atmega328p.a(OrangutanBuzzer.o)
                0x000007f6                is_playing
 .text._ZN15OrangutanBuzzer4playEPKc
                0x000007fc       0x1a /usr/local/CrossPack-AVR-20120217/lib/gcc/avr/4.5.1/../../../../avr/lib/libpololu_atmega328p.a(OrangutanBuzzer.o)
                0x000007fc                _ZN15OrangutanBuzzer4playEPKc
 .text.play     0x00000816        0x6 /usr/local/CrossPack-AVR-20120217/lib/gcc/avr/4.5.1/../../../../avr/lib/libpololu_atmega328p.a(OrangutanBuzzer.o)
                0x00000816                play
 .text._ZN15OrangutanBuzzer20playFromProgramSpaceEPKc
                0x0000081c       0x1c /usr/local/CrossPack-AVR-20120217/lib/gcc/avr/4.5.1/../../../../avr/lib/libpololu_atmega328p.a(OrangutanBuzzer.o)
                0x0000081c                _ZN15OrangutanBuzzer20playFromProgramSpaceEPKc
 .text.play_from_program_space
                0x00000838        0x6 /usr/local/CrossPack-AVR-20120217/lib/gcc/avr/4.5.1/../../../../avr/lib/libpololu_atmega328p.a(OrangutanBuzzer.o)
                0x00000838                play_from_program_space
 .text._ZN15OrangutanBuzzer11stopPlayingEv
                0x0000083e       0x34 /usr/local/CrossPack-AVR-20120217/lib/gcc/avr/4.5.1/../../../../avr/lib/libpololu_atmega328p.a(OrangutanBuzzer.o)
                0x0000083e                _ZN15OrangutanBuzzer11stopPlayingEv
 .text.stop_playing
                0x00000872        0x6 /usr/local/CrossPack-AVR-20120217/lib/gcc/avr/4.5.1/../../../../avr/lib/libpololu_atmega328p.a(OrangutanBuzzer.o)
                0x00000872                stop_playing
 .text._ZN15OrangutanBuzzer9playCheckEv
                0x00000878       0x2c /usr/local/CrossPack-AVR-20120217/lib/gcc/avr/4.5.1/../../../../avr/lib/libpololu_atmega328p.a(OrangutanBuzzer.o)
                0x00000878                _ZN15OrangutanBuzzer9playCheckEv
 .text._ZN15OrangutanBuzzer8playModeEh
                0x000008a4        0xe /usr/local/CrossPack-AVR-20120217/lib/gcc/avr/4.5.1/../../../../avr/lib/libpololu_atmega328p.a(OrangutanBuzzer.o)
                0x000008a4                _ZN15OrangutanBuzzer8playModeEh
 .text.play_mode
                0x000008b2        0x6 /usr/local/CrossPack-AVR-20120217/lib/gcc/avr/4.5.1/../../../../avr/lib/libpololu_atmega328p.a(OrangutanBuzzer.o)
                0x000008b2                play_mode
 .text.play_check
                0x000008b8        0x6 /usr/local/CrossPack-AVR-20120217/lib/gcc/avr/4.5.1/../../../../avr/lib/libpololu_atmega328p.a(OrangutanBuzzer.o)
                0x000008b8                play_check
 .text.void_getchar
                0x000008be        0x6 /usr/local/CrossPack-AVR-20120217/lib/gcc/avr/4.5.1/../../../../avr/lib/libpololu_atmega328p.a(OrangutanLCD.o)
                0x000008be                void_getchar
 .text.delayMicroseconds.clone.0
                0x000008c4       0x14 /usr/local/CrossPack-AVR-20120217/lib/gcc/avr/4.5.1/../../../../avr/lib/libpololu_atmega328p.a(OrangutanLCD.o)
 .text._ZN12OrangutanLCDC2Ev
                0x000008d8        0x2 /usr/local/CrossPack-AVR-20120217/lib/gcc/avr/4.5.1/../../../../avr/lib/libpololu_atmega328p.a(OrangutanLCD.o)
                0x000008d8                _ZN12OrangutanLCDC2Ev
                0x000008d8                _ZN12OrangutanLCDC1Ev
 .text._ZN12OrangutanLCD8busyWaitEv
                0x000008da       0x60 /usr/local/CrossPack-AVR-20120217/lib/gcc/avr/4.5.1/../../../../avr/lib/libpololu_atmega328p.a(OrangutanLCD.o)
                0x000008da                _ZN12OrangutanLCD8busyWaitEv
 .text._ZN12OrangutanLCD8sendDataEh
                0x0000093a       0x4a /usr/local/CrossPack-AVR-20120217/lib/gcc/avr/4.5.1/../../../../avr/lib/libpololu_atmega328p.a(OrangutanLCD.o)
                0x0000093a                _ZN12OrangutanLCD8sendDataEh
 .text._ZN12OrangutanLCD4sendEhhh
                0x00000984       0x60 /usr/local/CrossPack-AVR-20120217/lib/gcc/avr/4.5.1/../../../../avr/lib/libpololu_atmega328p.a(OrangutanLCD.o)
                0x00000984                _ZN12OrangutanLCD4sendEhhh
 .text._ZN12OrangutanLCD8send_cmdEh
                0x000009e4        0xa /usr/local/CrossPack-AVR-20120217/lib/gcc/avr/4.5.1/../../../../avr/lib/libpololu_atmega328p.a(OrangutanLCD.o)
                0x000009e4                _ZN12OrangutanLCD8send_cmdEh
 .text._ZN12OrangutanLCD9send_dataEh
                0x000009ee        0xa /usr/local/CrossPack-AVR-20120217/lib/gcc/avr/4.5.1/../../../../avr/lib/libpololu_atmega328p.a(OrangutanLCD.o)
                0x000009ee                _ZN12OrangutanLCD9send_dataEh
 .text._ZN12OrangutanLCD19loadCustomCharacterEPKch
                0x000009f8       0x4a /usr/local/CrossPack-AVR-20120217/lib/gcc/avr/4.5.1/../../../../avr/lib/libpololu_atmega328p.a(OrangutanLCD.o)
                0x000009f8                _ZN12OrangutanLCD19loadCustomCharacterEPKch
 .text.lcd_load_custom_character
                0x00000a42        0x6 /usr/local/CrossPack-AVR-20120217/lib/gcc/avr/4.5.1/../../../../avr/lib/libpololu_atmega328p.a(OrangutanLCD.o)
                0x00000a42                lcd_load_custom_character
 .text.print_character
                0x00000a48        0x6 /usr/local/CrossPack-AVR-20120217/lib/gcc/avr/4.5.1/../../../../avr/lib/libpololu_atmega328p.a(OrangutanLCD.o)
                0x00000a48                print_character
 .text._ZN12OrangutanLCD13send_4bit_cmdEh
                0x00000a4e        0xa /usr/local/CrossPack-AVR-20120217/lib/gcc/avr/4.5.1/../../../../avr/lib/libpololu_atmega328p.a(OrangutanLCD.o)
                0x00000a4e                _ZN12OrangutanLCD13send_4bit_cmdEh
 .text._ZN12OrangutanLCD5init2Ev
                0x00000a58       0x7e /usr/local/CrossPack-AVR-20120217/lib/gcc/avr/4.5.1/../../../../avr/lib/libpololu_atmega328p.a(OrangutanLCD.o)
                0x00000a58                _ZN12OrangutanLCD5init2Ev
 .text._ZN12OrangutanLCD4initEv
                0x00000ad6       0x14 /usr/local/CrossPack-AVR-20120217/lib/gcc/avr/4.5.1/../../../../avr/lib/libpololu_atmega328p.a(OrangutanLCD.o)
                0x00000ad6                _ZN12OrangutanLCD4initEv
 .text._ZN12OrangutanLCD5clearEv
                0x00000aea       0x58 /usr/local/CrossPack-AVR-20120217/lib/gcc/avr/4.5.1/../../../../avr/lib/libpololu_atmega328p.a(OrangutanLCD.o)
                0x00000aea                _ZN12OrangutanLCD5clearEv
 .text.clear    0x00000b42        0x6 /usr/local/CrossPack-AVR-20120217/lib/gcc/avr/4.5.1/../../../../avr/lib/libpololu_atmega328p.a(OrangutanLCD.o)
                0x00000b42                clear
 .text._ZN12OrangutanLCD5printEc
                0x00000b48        0x6 /usr/local/CrossPack-AVR-20120217/lib/gcc/avr/4.5.1/../../../../avr/lib/libpololu_atmega328p.a(OrangutanLCD.o)
                0x00000b48                _ZN12OrangutanLCD5printEc
 .text._ZN12OrangutanLCD5printEPKc
                0x00000b4e       0x1a /usr/local/CrossPack-AVR-20120217/lib/gcc/avr/4.5.1/../../../../avr/lib/libpololu_atmega328p.a(OrangutanLCD.o)
                0x00000b4e                _ZN12OrangutanLCD5printEPKc
 .text.print    0x00000b68        0x6 /usr/local/CrossPack-AVR-20120217/lib/gcc/avr/4.5.1/../../../../avr/lib/libpololu_atmega328p.a(OrangutanLCD.o)
                0x00000b68                print
 .text._ZN12OrangutanLCD21printFromProgramSpaceEPKc
                0x00000b6e       0x1c /usr/local/CrossPack-AVR-20120217/lib/gcc/avr/4.5.1/../../../../avr/lib/libpololu_atmega328p.a(OrangutanLCD.o)
                0x00000b6e                _ZN12OrangutanLCD21printFromProgramSpaceEPKc
 .text.print_from_program_space
                0x00000b8a        0x6 /usr/local/CrossPack-AVR-20120217/lib/gcc/avr/4.5.1/../../../../avr/lib/libpololu_atmega328p.a(OrangutanLCD.o)
                0x00000b8a                print_from_program_space
 .text._ZN12OrangutanLCD7printInEPKc
                0x00000b90        0x6 /usr/local/CrossPack-AVR-20120217/lib/gcc/avr/4.5.1/../../../../avr/lib/libpololu_atmega328p.a(OrangutanLCD.o)
                0x00000b90                _ZN12OrangutanLCD7printInEPKc
 .text._ZN12OrangutanLCD5printEm
                0x00000b96       0x7c /usr/local/CrossPack-AVR-20120217/lib/gcc/avr/4.5.1/../../../../avr/lib/libpololu_atmega328p.a(OrangutanLCD.o)
                0x00000b96                _ZN12OrangutanLCD5printEm
 .text._ZN12OrangutanLCD5printEl
                0x00000c12       0x38 /usr/local/CrossPack-AVR-20120217/lib/gcc/avr/4.5.1/../../../../avr/lib/libpololu_atmega328p.a(OrangutanLCD.o)
                0x00000c12                _ZN12OrangutanLCD5printEl
 .text.print_long
                0x00000c4a        0x6 /usr/local/CrossPack-AVR-20120217/lib/gcc/avr/4.5.1/../../../../avr/lib/libpololu_atmega328p.a(OrangutanLCD.o)
                0x00000c4a                print_long
 .text.print_unsigned_long
                0x00000c50        0x6 /usr/local/CrossPack-AVR-20120217/lib/gcc/avr/4.5.1/../../../../avr/lib/libpololu_atmega328p.a(OrangutanLCD.o)
                0x00000c50                print_unsigned_long
 .text._ZN12OrangutanLCD14printHexNibbleEh
                0x00000c56       0x10 /usr/local/CrossPack-AVR-20120217/lib/gcc/avr/4.5.1/../../../../avr/lib/libpololu_atmega328p.a(OrangutanLCD.o)
                0x00000c56                _ZN12OrangutanLCD14printHexNibbleEh
 .text._ZN12OrangutanLCD8printHexEh
                0x00000c66       0x18 /usr/local/CrossPack-AVR-20120217/lib/gcc/avr/4.5.1/../../../../avr/lib/libpololu_atmega328p.a(OrangutanLCD.o)
                0x00000c66                _ZN12OrangutanLCD8printHexEh
 .text._ZN12OrangutanLCD8printHexEj
                0x00000c7e       0x14 /usr/local/CrossPack-AVR-20120217/lib/gcc/avr/4.5.1/../../../../avr/lib/libpololu_atmega328p.a(OrangutanLCD.o)
                0x00000c7e                _ZN12OrangutanLCD8printHexEj
 .text.print_hex
                0x00000c92        0x6 /usr/local/CrossPack-AVR-20120217/lib/gcc/avr/4.5.1/../../../../avr/lib/libpololu_atmega328p.a(OrangutanLCD.o)
                0x00000c92                print_hex
 .text.print_hex_byte
                0x00000c98        0x6 /usr/local/CrossPack-AVR-20120217/lib/gcc/avr/4.5.1/../../../../avr/lib/libpololu_atmega328p.a(OrangutanLCD.o)
                0x00000c98                print_hex_byte
 .text._ZN12OrangutanLCD11printBinaryEh
                0x00000c9e       0x2c /usr/local/CrossPack-AVR-20120217/lib/gcc/avr/4.5.1/../../../../avr/lib/libpololu_atmega328p.a(OrangutanLCD.o)
                0x00000c9e                _ZN12OrangutanLCD11printBinaryEh
 .text.print_binary
                0x00000cca        0x6 /usr/local/CrossPack-AVR-20120217/lib/gcc/avr/4.5.1/../../../../avr/lib/libpololu_atmega328p.a(OrangutanLCD.o)
                0x00000cca                print_binary
 .text._ZN12OrangutanLCD6gotoXYEhh
                0x00000cd0       0x40 /usr/local/CrossPack-AVR-20120217/lib/gcc/avr/4.5.1/../../../../avr/lib/libpololu_atmega328p.a(OrangutanLCD.o)
                0x00000cd0                _ZN12OrangutanLCD6gotoXYEhh
 .text.lcd_goto_xy
                0x00000d10        0x6 /usr/local/CrossPack-AVR-20120217/lib/gcc/avr/4.5.1/../../../../avr/lib/libpololu_atmega328p.a(OrangutanLCD.o)
                0x00000d10                lcd_goto_xy
 .text.lcd_putchar
                0x00000d16      0x224 /usr/local/CrossPack-AVR-20120217/lib/gcc/avr/4.5.1/../../../../avr/lib/libpololu_atmega328p.a(OrangutanLCD.o)
                0x00000d16                lcd_putchar
 .text._ZN12OrangutanLCD10showCursorEh
                0x00000f3a       0x10 /usr/local/CrossPack-AVR-20120217/lib/gcc/avr/4.5.1/../../../../avr/lib/libpololu_atmega328p.a(OrangutanLCD.o)
                0x00000f3a                _ZN12OrangutanLCD10showCursorEh
 .text.lcd_show_cursor
                0x00000f4a        0x6 /usr/local/CrossPack-AVR-20120217/lib/gcc/avr/4.5.1/../../../../avr/lib/libpololu_atmega328p.a(OrangutanLCD.o)
                0x00000f4a                lcd_show_cursor
 .text._ZN12OrangutanLCD10hideCursorEv
                0x00000f50        0x8 /usr/local/CrossPack-AVR-20120217/lib/gcc/avr/4.5.1/../../../../avr/lib/libpololu_atmega328p.a(OrangutanLCD.o)
                0x00000f50                _ZN12OrangutanLCD10hideCursorEv
 .text.lcd_hide_cursor
                0x00000f58        0x6 /usr/local/CrossPack-AVR-20120217/lib/gcc/avr/4.5.1/../../../../avr/lib/libpololu_atmega328p.a(OrangutanLCD.o)
                0x00000f58                lcd_hide_cursor
 .text._ZN12OrangutanLCD10moveCursorEhh
                0x00000f5e       0x24 /usr/local/CrossPack-AVR-20120217/lib/gcc/avr/4.5.1/../../../../avr/lib/libpololu_atmega328p.a(OrangutanLCD.o)
                0x00000f5e                _ZN12OrangutanLCD10moveCursorEhh
 .text.lcd_move_cursor
                0x00000f82        0x6 /usr/local/CrossPack-AVR-20120217/lib/gcc/avr/4.5.1/../../../../avr/lib/libpololu_atmega328p.a(OrangutanLCD.o)
                0x00000f82                lcd_move_cursor
 .text._ZN12OrangutanLCD6scrollEhhj
                0x00000f88       0x34 /usr/local/CrossPack-AVR-20120217/lib/gcc/avr/4.5.1/../../../../avr/lib/libpololu_atmega328p.a(OrangutanLCD.o)
                0x00000f88                _ZN12OrangutanLCD6scrollEhhj
 .text.lcd_scroll
                0x00000fbc        0x6 /usr/local/CrossPack-AVR-20120217/lib/gcc/avr/4.5.1/../../../../avr/lib/libpololu_atmega328p.a(OrangutanLCD.o)
                0x00000fbc                lcd_scroll
 .text._ZN12OrangutanLCD10initPrintfEv
                0x00000fc2       0x8a /usr/local/CrossPack-AVR-20120217/lib/gcc/avr/4.5.1/../../../../avr/lib/libpololu_atmega328p.a(OrangutanLCD.o)
                0x00000fc2                _ZN12OrangutanLCD10initPrintfEv
 .text.lcd_init_printf
                0x0000104c        0x6 /usr/local/CrossPack-AVR-20120217/lib/gcc/avr/4.5.1/../../../../avr/lib/libpololu_atmega328p.a(OrangutanLCD.o)
                0x0000104c                lcd_init_printf
 .text.lcd_init_printf_with_dimensions
                0x00001052        0xe /usr/local/CrossPack-AVR-20120217/lib/gcc/avr/4.5.1/../../../../avr/lib/libpololu_atmega328p.a(OrangutanLCD.o)
                0x00001052                lcd_init_printf_with_dimensions
 .text._ZN12OrangutanLCD10initPrintfEhh
                0x00001060        0xe /usr/local/CrossPack-AVR-20120217/lib/gcc/avr/4.5.1/../../../../avr/lib/libpololu_atmega328p.a(OrangutanLCD.o)
                0x00001060                _ZN12OrangutanLCD10initPrintfEhh
 .text._ZN13OrangutanTime17delayMicrosecondsEj
                0x0000106e       0x10 /usr/local/CrossPack-AVR-20120217/lib/gcc/avr/4.5.1/../../../../avr/lib/libpololu_atmega328p.a(OrangutanTime.o)
                0x0000106e                _ZN13OrangutanTime17delayMicrosecondsEj
 .text.__vector_9
                0x0000107e       0x74 /usr/local/CrossPack-AVR-20120217/lib/gcc/avr/4.5.1/../../../../avr/lib/libpololu_atmega328p.a(OrangutanTime.o)
                0x0000107e                __vector_9
 .text.ticks_to_microseconds
                0x000010f2       0x2a /usr/local/CrossPack-AVR-20120217/lib/gcc/avr/4.5.1/../../../../avr/lib/libpololu_atmega328p.a(OrangutanTime.o)
                0x000010f2                ticks_to_microseconds
 .text._ZN13OrangutanTime19ticksToMicrosecondsEm
                0x0000111c       0x2a /usr/local/CrossPack-AVR-20120217/lib/gcc/avr/4.5.1/../../../../avr/lib/libpololu_atmega328p.a(OrangutanTime.o)
                0x0000111c                _ZN13OrangutanTime19ticksToMicrosecondsEm
 .text._ZN13OrangutanTime17delayMillisecondsEj
                0x00001146       0x1c /usr/local/CrossPack-AVR-20120217/lib/gcc/avr/4.5.1/../../../../avr/lib/libpololu_atmega328p.a(OrangutanTime.o)
                0x00001146                _ZN13OrangutanTime17delayMillisecondsEj
 .text.delay_ms
                0x00001162        0x6 /usr/local/CrossPack-AVR-20120217/lib/gcc/avr/4.5.1/../../../../avr/lib/libpololu_atmega328p.a(OrangutanTime.o)
                0x00001162                delay_ms
 .text._ZN13OrangutanTime5init2Ev
                0x00001168       0x30 /usr/local/CrossPack-AVR-20120217/lib/gcc/avr/4.5.1/../../../../avr/lib/libpololu_atmega328p.a(OrangutanTime.o)
                0x00001168                _ZN13OrangutanTime5init2Ev
 .text._ZN13OrangutanTime4initEv
                0x00001198       0x14 /usr/local/CrossPack-AVR-20120217/lib/gcc/avr/4.5.1/../../../../avr/lib/libpololu_atmega328p.a(OrangutanTime.o)
                0x00001198                _ZN13OrangutanTime4initEv
 .text._ZN13OrangutanTime2msEv
                0x000011ac       0x2a /usr/local/CrossPack-AVR-20120217/lib/gcc/avr/4.5.1/../../../../avr/lib/libpololu_atmega328p.a(OrangutanTime.o)
                0x000011ac                _ZN13OrangutanTime2msEv
 .text.get_ms   0x000011d6        0x6 /usr/local/CrossPack-AVR-20120217/lib/gcc/avr/4.5.1/../../../../avr/lib/libpololu_atmega328p.a(OrangutanTime.o)
                0x000011d6                get_ms
 .text._ZN13OrangutanTime5ticksEv
                0x000011dc       0x68 /usr/local/CrossPack-AVR-20120217/lib/gcc/avr/4.5.1/../../../../avr/lib/libpololu_atmega328p.a(OrangutanTime.o)
                0x000011dc                _ZN13OrangutanTime5ticksEv
 .text.get_ticks
                0x00001244        0x6 /usr/local/CrossPack-AVR-20120217/lib/gcc/avr/4.5.1/../../../../avr/lib/libpololu_atmega328p.a(OrangutanTime.o)
                0x00001244                get_ticks
 .text._ZN13OrangutanTime5resetEv
                0x0000124a       0x2e /usr/local/CrossPack-AVR-20120217/lib/gcc/avr/4.5.1/../../../../avr/lib/libpololu_atmega328p.a(OrangutanTime.o)
                0x0000124a                _ZN13OrangutanTime5resetEv
 .text.time_reset
                0x00001278        0x6 /usr/local/CrossPack-AVR-20120217/lib/gcc/avr/4.5.1/../../../../avr/lib/libpololu_atmega328p.a(OrangutanTime.o)
                0x00001278                time_reset
 .text.libgcc   0x0000127e       0x3e /usr/local/CrossPack-AVR-20120217/lib/gcc/avr/4.5.1/avr5/libgcc.a(_mulsi3.o)
                0x0000127e                __mulsi3
 .text.libgcc   0x000012bc       0x18 /usr/local/CrossPack-AVR-20120217/lib/gcc/avr/4.5.1/avr5/libgcc.a(_udivmodqi4.o)
                0x000012bc                __udivmodqi4
 .text.libgcc   0x000012d4       0x28 /usr/local/CrossPack-AVR-20120217/lib/gcc/avr/4.5.1/avr5/libgcc.a(_udivmodhi4.o)
                0x000012d4                __udivmodhi4
 .text.libgcc   0x000012fc       0x44 /usr/local/CrossPack-AVR-20120217/lib/gcc/avr/4.5.1/avr5/libgcc.a(_udivmodsi4.o)
                0x000012fc                __udivmodsi4
 .text.libgcc   0x00001340       0x36 /usr/local/CrossPack-AVR-20120217/lib/gcc/avr/4.5.1/avr5/libgcc.a(_divmodsi4.o)
                0x00001340                __divmodsi4
 .text.libgcc   0x00001376       0x38 /usr/local/CrossPack-AVR-20120217/lib/gcc/avr/4.5.1/avr5/libgcc.a(_prologue.o)
                0x00001376                __prologue_saves__
 .text.libgcc   0x000013ae       0x36 /usr/local/CrossPack-AVR-20120217/lib/gcc/avr/4.5.1/avr5/libgcc.a(_epilogue.o)
                0x000013ae                __epilogue_restores__
 .text.libgcc   0x000013e4        0x0 /usr/local/CrossPack-AVR-20120217/lib/gcc/avr/4.5.1/avr5/libgcc.a(_exit.o)
 .text.libgcc   0x000013e4        0x0 /usr/local/CrossPack-AVR-20120217/lib/gcc/avr/4.5.1/avr5/libgcc.a(_copy_data.o)
 .text.libgcc   0x000013e4        0x0 /usr/local/CrossPack-AVR-20120217/lib/gcc/avr/4.5.1/avr5/libgcc.a(_clear_bss.o)
 .text.avr-libc
                0x000013e4      0x266 /usr/local/CrossPack-AVR-20120217/lib/gcc/avr/4.5.1/../../../../avr/lib/avr5/libc.a(malloc.o)
                0x000013e4                malloc
                0x00001518                free
 .text.avr-libc
                0x0000164a       0x96 /usr/local/CrossPack-AVR-20120217/lib/gcc/avr/4.5.1/../../../../avr/lib/avr5/libc.a(fdevopen.o)
                0x0000164a                fdevopen
 .text.avr-libc
                0x000016e0       0x3c /usr/local/CrossPack-AVR-20120217/lib/gcc/avr/4.5.1/../../../../avr/lib/avr5/libc.a(calloc.o)
                0x000016e0                calloc
 .text.avr-libc
                0x0000171c        0xe /usr/local/CrossPack-AVR-20120217/lib/gcc/avr/4.5.1/../../../../avr/lib/avr5/libc.a(memset.o)
                0x0000171c                memset
                0x0000172a                . = ALIGN (0x2)
 *(.fini9)
 .fini9         0x0000172a        0x0 /usr/local/CrossPack-AVR-20120217/lib/gcc/avr/4.5.1/avr5/libgcc.a(_exit.o)
                0x0000172a                exit
                0x0000172a                _exit
 *(.fini9)
 *(.fini8)
 *(.fini8)
 *(.fini7)
 *(.fini7)
 *(.fini6)
 *(.fini6)
 *(.fini5)
 *(.fini5)
 *(.fini4)
 *(.fini4)
 *(.fini3)
 *(.fini3)
 *(.fini2)
 *(.fini2)
 *(.fini1)
 *(.fini1)
 *(.fini0)
 .fini0         0x0000172a        0x4 /usr/local/CrossPack-AVR-20120217/lib/gcc/avr/4.5.1/avr5/libgcc.a(_exit.o)
 *(.fini0)
                0x0000172e                _etext = .

.data           0x00800100       0x48 load address 0x0000172e
                0x00800100                PROVIDE (__data_start, .)
 *(.data)
 .data          0x00800100        0x0 /usr/local/CrossPack-AVR-20120217/lib/gcc/avr/4.5.1/../../../../avr/lib/avr5/crtm328p.o
 .data          0x00800100       0x1e ./src/main.o
 .data          0x0080011e       0x22 /usr/local/CrossPack-AVR-20120217/lib/gcc/avr/4.5.1/../../../../avr/lib/libpololu_atmega328p.a(OrangutanBuzzer.o)
                0x0080011e                buzzerFinished
 .data          0x00800140        0x2 /usr/local/CrossPack-AVR-20120217/lib/gcc/avr/4.5.1/../../../../avr/lib/libpololu_atmega328p.a(OrangutanLCD.o)
                0x00800140                numLCDRows
                0x00800141                numLCDCols
 .data          0x00800142        0x0 /usr/local/CrossPack-AVR-20120217/lib/gcc/avr/4.5.1/../../../../avr/lib/libpololu_atmega328p.a(OrangutanTime.o)
 .data          0x00800142        0x0 /usr/local/CrossPack-AVR-20120217/lib/gcc/avr/4.5.1/avr5/libgcc.a(_mulsi3.o)
 .data          0x00800142        0x0 /usr/local/CrossPack-AVR-20120217/lib/gcc/avr/4.5.1/avr5/libgcc.a(_udivmodqi4.o)
 .data          0x00800142        0x0 /usr/local/CrossPack-AVR-20120217/lib/gcc/avr/4.5.1/avr5/libgcc.a(_udivmodhi4.o)
 .data          0x00800142        0x0 /usr/local/CrossPack-AVR-20120217/lib/gcc/avr/4.5.1/avr5/libgcc.a(_udivmodsi4.o)
 .data          0x00800142        0x0 /usr/local/CrossPack-AVR-20120217/lib/gcc/avr/4.5.1/avr5/libgcc.a(_divmodsi4.o)
 .data          0x00800142        0x0 /usr/local/CrossPack-AVR-20120217/lib/gcc/avr/4.5.1/avr5/libgcc.a(_prologue.o)
 .data          0x00800142        0x0 /usr/local/CrossPack-AVR-20120217/lib/gcc/avr/4.5.1/avr5/libgcc.a(_epilogue.o)
 .data          0x00800142        0x0 /usr/local/CrossPack-AVR-20120217/lib/gcc/avr/4.5.1/avr5/libgcc.a(_exit.o)
 .data          0x00800142        0x0 /usr/local/CrossPack-AVR-20120217/lib/gcc/avr/4.5.1/avr5/libgcc.a(_copy_data.o)
 .data          0x00800142        0x0 /usr/local/CrossPack-AVR-20120217/lib/gcc/avr/4.5.1/avr5/libgcc.a(_clear_bss.o)
 .data          0x00800142        0x6 /usr/local/CrossPack-AVR-20120217/lib/gcc/avr/4.5.1/../../../../avr/lib/avr5/libc.a(malloc.o)
                0x00800142                __malloc_margin
                0x00800144                __malloc_heap_start
                0x00800146                __malloc_heap_end
 .data          0x00800148        0x0 /usr/local/CrossPack-AVR-20120217/lib/gcc/avr/4.5.1/../../../../avr/lib/avr5/libc.a(fdevopen.o)
 .data          0x00800148        0x0 /usr/local/CrossPack-AVR-20120217/lib/gcc/avr/4.5.1/../../../../avr/lib/avr5/libc.a(iob.o)
 .data          0x00800148        0x0 /usr/local/CrossPack-AVR-20120217/lib/gcc/avr/4.5.1/../../../../avr/lib/avr5/libc.a(calloc.o)
 .data          0x00800148        0x0 /usr/local/CrossPack-AVR-20120217/lib/gcc/avr/4.5.1/../../../../avr/lib/avr5/libc.a(memset.o)
 *(.data*)
 *(.rodata)
 *(.rodata*)
 *(.gnu.linkonce.d*)
                0x00800148                . = ALIGN (0x2)
                0x00800148                _edata = .
                0x00800148                PROVIDE (__data_end, .)

.bss            0x00800148       0x27
                0x00800148                PROVIDE (__bss_start, .)
 *(.bss)
 .bss           0x00800148        0x0 /usr/local/CrossPack-AVR-20120217/lib/gcc/avr/4.5.1/../../../../avr/lib/avr5/crtm328p.o
 .bss           0x00800148        0x0 ./src/main.o
 .bss           0x00800148        0x9 /usr/local/CrossPack-AVR-20120217/lib/gcc/avr/4.5.1/../../../../avr/lib/libpololu_atmega328p.a(OrangutanBuzzer.o)
                0x00800148                buzzerInitialized
                0x00800149                buzzerSequence
 .bss           0x00800151        0x9 /usr/local/CrossPack-AVR-20120217/lib/gcc/avr/4.5.1/../../../../avr/lib/libpololu_atmega328p.a(OrangutanLCD.o)
                0x00800151                printf_chars
                0x00800153                row
                0x00800154                col
                0x00800155                lcdTimeout
                0x00800159                _ZZN12OrangutanLCD4initEvE11initialized
 .bss           0x0080015a        0xb /usr/local/CrossPack-AVR-20120217/lib/gcc/avr/4.5.1/../../../../avr/lib/libpololu_atmega328p.a(OrangutanTime.o)
                0x0080015a                tickCount
                0x0080015e                msCounter
                0x00800162                us_over_10
                0x00800164                _ZZN13OrangutanTime4initEvE11initialized
 .bss           0x00800165        0x0 /usr/local/CrossPack-AVR-20120217/lib/gcc/avr/4.5.1/avr5/libgcc.a(_mulsi3.o)
 .bss           0x00800165        0x0 /usr/local/CrossPack-AVR-20120217/lib/gcc/avr/4.5.1/avr5/libgcc.a(_udivmodqi4.o)
 .bss           0x00800165        0x0 /usr/local/CrossPack-AVR-20120217/lib/gcc/avr/4.5.1/avr5/libgcc.a(_udivmodhi4.o)
 .bss           0x00800165        0x0 /usr/local/CrossPack-AVR-20120217/lib/gcc/avr/4.5.1/avr5/libgcc.a(_udivmodsi4.o)
 .bss           0x00800165        0x0 /usr/local/CrossPack-AVR-20120217/lib/gcc/avr/4.5.1/avr5/libgcc.a(_divmodsi4.o)
 .bss           0x00800165        0x0 /usr/local/CrossPack-AVR-20120217/lib/gcc/avr/4.5.1/avr5/libgcc.a(_prologue.o)
 .bss           0x00800165        0x0 /usr/local/CrossPack-AVR-20120217/lib/gcc/avr/4.5.1/avr5/libgcc.a(_epilogue.o)
 .bss           0x00800165        0x0 /usr/local/CrossPack-AVR-20120217/lib/gcc/avr/4.5.1/avr5/libgcc.a(_exit.o)
 .bss           0x00800165        0x0 /usr/local/CrossPack-AVR-20120217/lib/gcc/avr/4.5.1/avr5/libgcc.a(_copy_data.o)
 .bss           0x00800165        0x0 /usr/local/CrossPack-AVR-20120217/lib/gcc/avr/4.5.1/avr5/libgcc.a(_clear_bss.o)
 .bss           0x00800165        0x0 /usr/local/CrossPack-AVR-20120217/lib/gcc/avr/4.5.1/../../../../avr/lib/avr5/libc.a(malloc.o)
 .bss           0x00800165        0x0 /usr/local/CrossPack-AVR-20120217/lib/gcc/avr/4.5.1/../../../../avr/lib/avr5/libc.a(fdevopen.o)
 .bss           0x00800165        0x0 /usr/local/CrossPack-AVR-20120217/lib/gcc/avr/4.5.1/../../../../avr/lib/avr5/libc.a(iob.o)
 .bss           0x00800165        0x0 /usr/local/CrossPack-AVR-20120217/lib/gcc/avr/4.5.1/../../../../avr/lib/avr5/libc.a(calloc.o)
 .bss           0x00800165        0x0 /usr/local/CrossPack-AVR-20120217/lib/gcc/avr/4.5.1/../../../../avr/lib/avr5/libc.a(memset.o)
 *(.bss*)
 *(COMMON)
 COMMON         0x00800165        0x4 /usr/local/CrossPack-AVR-20120217/lib/gcc/avr/4.5.1/../../../../avr/lib/avr5/libc.a(malloc.o)
                0x00800165                __brkval
                0x00800167                __flp
 COMMON         0x00800169        0x6 /usr/local/CrossPack-AVR-20120217/lib/gcc/avr/4.5.1/../../../../avr/lib/avr5/libc.a(iob.o)
                0x00800169                __iob
                0x0080016f                PROVIDE (__bss_end, .)
                0x0000172e                __data_load_start = LOADADDR (.data)
                0x00001776                __data_load_end = (__data_load_start + SIZEOF (.data))

.noinit         0x0080016f        0x0
                0x0080016f                PROVIDE (__noinit_start, .)
 *(.noinit*)
                0x0080016f                PROVIDE (__noinit_end, .)
                0x0080016f                _end = .
                0x0080016f                PROVIDE (__heap_start, .)

.eeprom         0x00810000        0x0
 *(.eeprom*)
                0x00810000                __eeprom_end = .

.fuse
 *(.fuse)
 *(.lfuse)
 *(.hfuse)
 *(.efuse)

.lock
 *(.lock*)

.signature
 *(.signature*)

.stab           0x00000000      0x738
 *(.stab)
 .stab          0x00000000      0x6cc /usr/local/CrossPack-AVR-20120217/lib/gcc/avr/4.5.1/../../../../avr/lib/avr5/crtm328p.o
 .stab          0x000006cc       0x6c /usr/local/CrossPack-AVR-20120217/lib/gcc/avr/4.5.1/../../../../avr/lib/avr5/libc.a(memset.o)
                                 0x78 (size before relaxing)

.stabstr        0x00000000       0xdc
 *(.stabstr)
 .stabstr       0x00000000       0xdc /usr/local/CrossPack-AVR-20120217/lib/gcc/avr/4.5.1/../../../../avr/lib/avr5/crtm328p.o

.stab.excl
 *(.stab.excl)

.stab.exclstr
 *(.stab.exclstr)

.stab.index
 *(.stab.index)

.stab.indexstr
 *(.stab.indexstr)

.comment
 *(.comment)

.debug
 *(.debug)

.line
 *(.line)

.debug_srcinfo
 *(.debug_srcinfo)

.debug_sfnames
 *(.debug_sfnames)

.debug_aranges  0x00000000      0x358
 *(.debug_aranges)
 .debug_aranges
                0x00000000       0xd0 /usr/local/CrossPack-AVR-20120217/lib/gcc/avr/4.5.1/../../../../avr/lib/libpololu_atmega328p.a(OrangutanBuzzer.o)
 .debug_aranges
                0x000000d0      0x198 /usr/local/CrossPack-AVR-20120217/lib/gcc/avr/4.5.1/../../../../avr/lib/libpololu_atmega328p.a(OrangutanLCD.o)
 .debug_aranges
                0x00000268       0x88 /usr/local/CrossPack-AVR-20120217/lib/gcc/avr/4.5.1/../../../../avr/lib/libpololu_atmega328p.a(OrangutanTime.o)
 .debug_aranges
                0x000002f0       0x28 /usr/local/CrossPack-AVR-20120217/lib/gcc/avr/4.5.1/../../../../avr/lib/avr5/libc.a(malloc.o)
 .debug_aranges
                0x00000318       0x20 /usr/local/CrossPack-AVR-20120217/lib/gcc/avr/4.5.1/../../../../avr/lib/avr5/libc.a(fdevopen.o)
 .debug_aranges
                0x00000338       0x20 /usr/local/CrossPack-AVR-20120217/lib/gcc/avr/4.5.1/../../../../avr/lib/avr5/libc.a(calloc.o)

.debug_pubnames
                0x00000000      0x993
 *(.debug_pubnames)
 .debug_pubnames
                0x00000000      0x23d /usr/local/CrossPack-AVR-20120217/lib/gcc/avr/4.5.1/../../../../avr/lib/libpololu_atmega328p.a(OrangutanBuzzer.o)
 .debug_pubnames
                0x0000023d      0x4ea /usr/local/CrossPack-AVR-20120217/lib/gcc/avr/4.5.1/../../../../avr/lib/libpololu_atmega328p.a(OrangutanLCD.o)
 .debug_pubnames
                0x00000727      0x195 /usr/local/CrossPack-AVR-20120217/lib/gcc/avr/4.5.1/../../../../avr/lib/libpololu_atmega328p.a(OrangutanTime.o)
 .debug_pubnames
                0x000008bc       0x7f /usr/local/CrossPack-AVR-20120217/lib/gcc/avr/4.5.1/../../../../avr/lib/avr5/libc.a(malloc.o)
 .debug_pubnames
                0x0000093b       0x1f /usr/local/CrossPack-AVR-20120217/lib/gcc/avr/4.5.1/../../../../avr/lib/avr5/libc.a(fdevopen.o)
 .debug_pubnames
                0x0000095a       0x1c /usr/local/CrossPack-AVR-20120217/lib/gcc/avr/4.5.1/../../../../avr/lib/avr5/libc.a(iob.o)
 .debug_pubnames
                0x00000976       0x1d /usr/local/CrossPack-AVR-20120217/lib/gcc/avr/4.5.1/../../../../avr/lib/avr5/libc.a(calloc.o)

.debug_info     0x00000000     0x2119
 *(.debug_info)
 .debug_info    0x00000000      0x735 /usr/local/CrossPack-AVR-20120217/lib/gcc/avr/4.5.1/../../../../avr/lib/libpololu_atmega328p.a(OrangutanBuzzer.o)
 .debug_info    0x00000735     0x1071 /usr/local/CrossPack-AVR-20120217/lib/gcc/avr/4.5.1/../../../../avr/lib/libpololu_atmega328p.a(OrangutanLCD.o)
 .debug_info    0x000017a6      0x34c /usr/local/CrossPack-AVR-20120217/lib/gcc/avr/4.5.1/../../../../avr/lib/libpololu_atmega328p.a(OrangutanTime.o)
 .debug_info    0x00001af2      0x29a /usr/local/CrossPack-AVR-20120217/lib/gcc/avr/4.5.1/../../../../avr/lib/avr5/libc.a(malloc.o)
 .debug_info    0x00001d8c      0x1a5 /usr/local/CrossPack-AVR-20120217/lib/gcc/avr/4.5.1/../../../../avr/lib/avr5/libc.a(fdevopen.o)
 .debug_info    0x00001f31      0x153 /usr/local/CrossPack-AVR-20120217/lib/gcc/avr/4.5.1/../../../../avr/lib/avr5/libc.a(iob.o)
 .debug_info    0x00002084       0x95 /usr/local/CrossPack-AVR-20120217/lib/gcc/avr/4.5.1/../../../../avr/lib/avr5/libc.a(calloc.o)
 *(.gnu.linkonce.wi.*)

.debug_abbrev   0x00000000      0xb2e
 *(.debug_abbrev)
 .debug_abbrev  0x00000000      0x257 /usr/local/CrossPack-AVR-20120217/lib/gcc/avr/4.5.1/../../../../avr/lib/libpololu_atmega328p.a(OrangutanBuzzer.o)
 .debug_abbrev  0x00000257      0x3c0 /usr/local/CrossPack-AVR-20120217/lib/gcc/avr/4.5.1/../../../../avr/lib/libpololu_atmega328p.a(OrangutanLCD.o)
 .debug_abbrev  0x00000617      0x1e6 /usr/local/CrossPack-AVR-20120217/lib/gcc/avr/4.5.1/../../../../avr/lib/libpololu_atmega328p.a(OrangutanTime.o)
 .debug_abbrev  0x000007fd       0xf7 /usr/local/CrossPack-AVR-20120217/lib/gcc/avr/4.5.1/../../../../avr/lib/avr5/libc.a(malloc.o)
 .debug_abbrev  0x000008f4       0xfc /usr/local/CrossPack-AVR-20120217/lib/gcc/avr/4.5.1/../../../../avr/lib/avr5/libc.a(fdevopen.o)
 .debug_abbrev  0x000009f0       0xc7 /usr/local/CrossPack-AVR-20120217/lib/gcc/avr/4.5.1/../../../../avr/lib/avr5/libc.a(iob.o)
 .debug_abbrev  0x00000ab7       0x77 /usr/local/CrossPack-AVR-20120217/lib/gcc/avr/4.5.1/../../../../avr/lib/avr5/libc.a(calloc.o)

.debug_line     0x00000000     0x204c
 *(.debug_line)
 .debug_line    0x00000000      0x98f /usr/local/CrossPack-AVR-20120217/lib/gcc/avr/4.5.1/../../../../avr/lib/libpololu_atmega328p.a(OrangutanBuzzer.o)
 .debug_line    0x0000098f      0xdc3 /usr/local/CrossPack-AVR-20120217/lib/gcc/avr/4.5.1/../../../../avr/lib/libpololu_atmega328p.a(OrangutanLCD.o)
 .debug_line    0x00001752      0x31c /usr/local/CrossPack-AVR-20120217/lib/gcc/avr/4.5.1/../../../../avr/lib/libpololu_atmega328p.a(OrangutanTime.o)
 .debug_line    0x00001a6e      0x348 /usr/local/CrossPack-AVR-20120217/lib/gcc/avr/4.5.1/../../../../avr/lib/avr5/libc.a(malloc.o)
 .debug_line    0x00001db6      0x12c /usr/local/CrossPack-AVR-20120217/lib/gcc/avr/4.5.1/../../../../avr/lib/avr5/libc.a(fdevopen.o)
 .debug_line    0x00001ee2       0x83 /usr/local/CrossPack-AVR-20120217/lib/gcc/avr/4.5.1/../../../../avr/lib/avr5/libc.a(iob.o)
 .debug_line    0x00001f65       0xe7 /usr/local/CrossPack-AVR-20120217/lib/gcc/avr/4.5.1/../../../../avr/lib/avr5/libc.a(calloc.o)

.debug_frame    0x00000000      0x5f0
 *(.debug_frame)
 .debug_frame   0x00000000      0x180 /usr/local/CrossPack-AVR-20120217/lib/gcc/avr/4.5.1/../../../../avr/lib/libpololu_atmega328p.a(OrangutanBuzzer.o)
 .debug_frame   0x00000180      0x310 /usr/local/CrossPack-AVR-20120217/lib/gcc/avr/4.5.1/../../../../avr/lib/libpololu_atmega328p.a(OrangutanLCD.o)
 .debug_frame   0x00000490       0xf0 /usr/local/CrossPack-AVR-20120217/lib/gcc/avr/4.5.1/../../../../avr/lib/libpololu_atmega328p.a(OrangutanTime.o)
 .debug_frame   0x00000580       0x30 /usr/local/CrossPack-AVR-20120217/lib/gcc/avr/4.5.1/../../../../avr/lib/avr5/libc.a(malloc.o)
 .debug_frame   0x000005b0       0x20 /usr/local/CrossPack-AVR-20120217/lib/gcc/avr/4.5.1/../../../../avr/lib/avr5/libc.a(fdevopen.o)
 .debug_frame   0x000005d0       0x20 /usr/local/CrossPack-AVR-20120217/lib/gcc/avr/4.5.1/../../../../avr/lib/avr5/libc.a(calloc.o)

.debug_str      0x00000000      0xf3f
 *(.debug_str)
 .debug_str     0x00000000      0x47b /usr/local/CrossPack-AVR-20120217/lib/gcc/avr/4.5.1/../../../../avr/lib/libpololu_atmega328p.a(OrangutanBuzzer.o)
                                0x4ce (size before relaxing)
 .debug_str     0x0000047b      0x72b /usr/local/CrossPack-AVR-20120217/lib/gcc/avr/4.5.1/../../../../avr/lib/libpololu_atmega328p.a(OrangutanLCD.o)
                                0x83f (size before relaxing)
 .debug_str     0x00000ba6      0x20a /usr/local/CrossPack-AVR-20120217/lib/gcc/avr/4.5.1/../../../../avr/lib/libpololu_atmega328p.a(OrangutanTime.o)
                                0x307 (size before relaxing)
 .debug_str     0x00000db0      0x11d /usr/local/CrossPack-AVR-20120217/lib/gcc/avr/4.5.1/../../../../avr/lib/avr5/libc.a(malloc.o)
                                0x192 (size before relaxing)
 .debug_str     0x00000ecd       0x2e /usr/local/CrossPack-AVR-20120217/lib/gcc/avr/4.5.1/../../../../avr/lib/avr5/libc.a(fdevopen.o)
                                0x128 (size before relaxing)
 .debug_str     0x00000efb       0x1a /usr/local/CrossPack-AVR-20120217/lib/gcc/avr/4.5.1/../../../../avr/lib/avr5/libc.a(iob.o)
                                0x11a (size before relaxing)
 .debug_str     0x00000f15       0x2a /usr/local/CrossPack-AVR-20120217/lib/gcc/avr/4.5.1/../../../../avr/lib/avr5/libc.a(calloc.o)
                                 0xb4 (size before relaxing)

.debug_loc      0x00000000     0x1632
 *(.debug_loc)
 .debug_loc     0x00000000      0x74c /usr/local/CrossPack-AVR-20120217/lib/gcc/avr/4.5.1/../../../../avr/lib/libpololu_atmega328p.a(OrangutanBuzzer.o)
 .debug_loc     0x0000074c      0x8ff /usr/local/CrossPack-AVR-20120217/lib/gcc/avr/4.5.1/../../../../avr/lib/libpololu_atmega328p.a(OrangutanLCD.o)
 .debug_loc     0x0000104b       0xee /usr/local/CrossPack-AVR-20120217/lib/gcc/avr/4.5.1/../../../../avr/lib/libpololu_atmega328p.a(OrangutanTime.o)
 .debug_loc     0x00001139      0x429 /usr/local/CrossPack-AVR-20120217/lib/gcc/avr/4.5.1/../../../../avr/lib/avr5/libc.a(malloc.o)
 .debug_loc     0x00001562       0x78 /usr/local/CrossPack-AVR-20120217/lib/gcc/avr/4.5.1/../../../../avr/lib/avr5/libc.a(fdevopen.o)
 .debug_loc     0x000015da       0x58 /usr/local/CrossPack-AVR-20120217/lib/gcc/avr/4.5.1/../../../../avr/lib/avr5/libc.a(calloc.o)

.debug_macinfo
 *(.debug_macinfo)
OUTPUT(Arst.elf elf32-avr)
LOAD linker stubs

.debug_pubtypes
                0x00000000      0x152
 .debug_pubtypes
                0x00000000       0x3f /usr/local/CrossPack-AVR-20120217/lib/gcc/avr/4.5.1/../../../../avr/lib/libpololu_atmega328p.a(OrangutanBuzzer.o)
 .debug_pubtypes
                0x0000003f       0x47 /usr/local/CrossPack-AVR-20120217/lib/gcc/avr/4.5.1/../../../../avr/lib/libpololu_atmega328p.a(OrangutanLCD.o)
 .debug_pubtypes
                0x00000086       0x24 /usr/local/CrossPack-AVR-20120217/lib/gcc/avr/4.5.1/../../../../avr/lib/libpololu_atmega328p.a(OrangutanTime.o)
 .debug_pubtypes
                0x000000aa       0x39 /usr/local/CrossPack-AVR-20120217/lib/gcc/avr/4.5.1/../../../../avr/lib/avr5/libc.a(malloc.o)
 .debug_pubtypes
                0x000000e3       0x29 /usr/local/CrossPack-AVR-20120217/lib/gcc/avr/4.5.1/../../../../avr/lib/avr5/libc.a(fdevopen.o)
 .debug_pubtypes
                0x0000010c       0x29 /usr/local/CrossPack-AVR-20120217/lib/gcc/avr/4.5.1/../../../../avr/lib/avr5/libc.a(iob.o)
 .debug_pubtypes
                0x00000135       0x1d /usr/local/CrossPack-AVR-20120217/lib/gcc/avr/4.5.1/../../../../avr/lib/avr5/libc.a(calloc.o)

.debug_ranges   0x00000000      0x2f8
 .debug_ranges  0x00000000       0xc0 /usr/local/CrossPack-AVR-20120217/lib/gcc/avr/4.5.1/../../../../avr/lib/libpololu_atmega328p.a(OrangutanBuzzer.o)
 .debug_ranges  0x000000c0      0x188 /usr/local/CrossPack-AVR-20120217/lib/gcc/avr/4.5.1/../../../../avr/lib/libpololu_atmega328p.a(OrangutanLCD.o)
 .debug_ranges  0x00000248       0x78 /usr/local/CrossPack-AVR-20120217/lib/gcc/avr/4.5.1/../../../../avr/lib/libpololu_atmega328p.a(OrangutanTime.o)
 .debug_ranges  0x000002c0       0x18 /usr/local/CrossPack-AVR-20120217/lib/gcc/avr/4.5.1/../../../../avr/lib/avr5/libc.a(malloc.o)
 .debug_ranges  0x000002d8       0x10 /usr/local/CrossPack-AVR-20120217/lib/gcc/avr/4.5.1/../../../../avr/lib/avr5/libc.a(fdevopen.o)
 .debug_ranges  0x000002e8       0x10 /usr/local/CrossPack-AVR-20120217/lib/gcc/avr/4.5.1/../../../../avr/lib/avr5/libc.a(calloc.o)

Cross Reference Table

Symbol                                            File
OrangutanBuzzer::OrangutanBuzzer()                /usr/local/CrossPack-AVR-20120217/lib/gcc/avr/4.5.1/../../../../avr/lib/libpololu_atmega328p.a(OrangutanBuzzer.o)
OrangutanBuzzer::OrangutanBuzzer()                /usr/local/CrossPack-AVR-20120217/lib/gcc/avr/4.5.1/../../../../avr/lib/libpololu_atmega328p.a(OrangutanBuzzer.o)
OrangutanBuzzer::init()                           /usr/local/CrossPack-AVR-20120217/lib/gcc/avr/4.5.1/../../../../avr/lib/libpololu_atmega328p.a(OrangutanBuzzer.o)
OrangutanBuzzer::init2()                          /usr/local/CrossPack-AVR-20120217/lib/gcc/avr/4.5.1/../../../../avr/lib/libpololu_atmega328p.a(OrangutanBuzzer.o)
OrangutanBuzzer::isPlaying()                      /usr/local/CrossPack-AVR-20120217/lib/gcc/avr/4.5.1/../../../../avr/lib/libpololu_atmega328p.a(OrangutanBuzzer.o)
OrangutanBuzzer::play(char const*)                /usr/local/CrossPack-AVR-20120217/lib/gcc/avr/4.5.1/../../../../avr/lib/libpololu_atmega328p.a(OrangutanBuzzer.o)
OrangutanBuzzer::playCheck()                      /usr/local/CrossPack-AVR-20120217/lib/gcc/avr/4.5.1/../../../../avr/lib/libpololu_atmega328p.a(OrangutanBuzzer.o)
OrangutanBuzzer::playFrequency(unsigned int, unsigned int, unsigned char) /usr/local/CrossPack-AVR-20120217/lib/gcc/avr/4.5.1/../../../../avr/lib/libpololu_atmega328p.a(OrangutanBuzzer.o)
OrangutanBuzzer::playFromProgramSpace(char const*) /usr/local/CrossPack-AVR-20120217/lib/gcc/avr/4.5.1/../../../../avr/lib/libpololu_atmega328p.a(OrangutanBuzzer.o)
OrangutanBuzzer::playMode(unsigned char)          /usr/local/CrossPack-AVR-20120217/lib/gcc/avr/4.5.1/../../../../avr/lib/libpololu_atmega328p.a(OrangutanBuzzer.o)
OrangutanBuzzer::playNote(unsigned char, unsigned int, unsigned char) /usr/local/CrossPack-AVR-20120217/lib/gcc/avr/4.5.1/../../../../avr/lib/libpololu_atmega328p.a(OrangutanBuzzer.o)
OrangutanBuzzer::stopPlaying()                    /usr/local/CrossPack-AVR-20120217/lib/gcc/avr/4.5.1/../../../../avr/lib/libpololu_atmega328p.a(OrangutanBuzzer.o)
OrangutanLCD::OrangutanLCD()                      /usr/local/CrossPack-AVR-20120217/lib/gcc/avr/4.5.1/../../../../avr/lib/libpololu_atmega328p.a(OrangutanLCD.o)
OrangutanLCD::OrangutanLCD()                      /usr/local/CrossPack-AVR-20120217/lib/gcc/avr/4.5.1/../../../../avr/lib/libpololu_atmega328p.a(OrangutanLCD.o)
OrangutanLCD::busyWait()                          /usr/local/CrossPack-AVR-20120217/lib/gcc/avr/4.5.1/../../../../avr/lib/libpololu_atmega328p.a(OrangutanLCD.o)
OrangutanLCD::clear()                             /usr/local/CrossPack-AVR-20120217/lib/gcc/avr/4.5.1/../../../../avr/lib/libpololu_atmega328p.a(OrangutanLCD.o)
OrangutanLCD::gotoXY(unsigned char, unsigned char) /usr/local/CrossPack-AVR-20120217/lib/gcc/avr/4.5.1/../../../../avr/lib/libpololu_atmega328p.a(OrangutanLCD.o)
OrangutanLCD::hideCursor()                        /usr/local/CrossPack-AVR-20120217/lib/gcc/avr/4.5.1/../../../../avr/lib/libpololu_atmega328p.a(OrangutanLCD.o)
OrangutanLCD::init()                              /usr/local/CrossPack-AVR-20120217/lib/gcc/avr/4.5.1/../../../../avr/lib/libpololu_atmega328p.a(OrangutanLCD.o)
OrangutanLCD::init()::initialized                 /usr/local/CrossPack-AVR-20120217/lib/gcc/avr/4.5.1/../../../../avr/lib/libpololu_atmega328p.a(OrangutanLCD.o)
OrangutanLCD::init2()                             /usr/local/CrossPack-AVR-20120217/lib/gcc/avr/4.5.1/../../../../avr/lib/libpololu_atmega328p.a(OrangutanLCD.o)
OrangutanLCD::initPrintf()                        /usr/local/CrossPack-AVR-20120217/lib/gcc/avr/4.5.1/../../../../avr/lib/libpololu_atmega328p.a(OrangutanLCD.o)
OrangutanLCD::initPrintf(unsigned char, unsigned char) /usr/local/CrossPack-AVR-20120217/lib/gcc/avr/4.5.1/../../../../avr/lib/libpololu_atmega328p.a(OrangutanLCD.o)
OrangutanLCD::loadCustomCharacter(char const*, unsigned char) /usr/local/CrossPack-AVR-20120217/lib/gcc/avr/4.5.1/../../../../avr/lib/libpololu_atmega328p.a(OrangutanLCD.o)
OrangutanLCD::moveCursor(unsigned char, unsigned char) /usr/local/CrossPack-AVR-20120217/lib/gcc/avr/4.5.1/../../../../avr/lib/libpololu_atmega328p.a(OrangutanLCD.o)
OrangutanLCD::print(char const*)                  /usr/local/CrossPack-AVR-20120217/lib/gcc/avr/4.5.1/../../../../avr/lib/libpololu_atmega328p.a(OrangutanLCD.o)
OrangutanLCD::print(char)                         /usr/local/CrossPack-AVR-20120217/lib/gcc/avr/4.5.1/../../../../avr/lib/libpololu_atmega328p.a(OrangutanLCD.o)
OrangutanLCD::print(long)                         /usr/local/CrossPack-AVR-20120217/lib/gcc/avr/4.5.1/../../../../avr/lib/libpololu_atmega328p.a(OrangutanLCD.o)
OrangutanLCD::print(unsigned long)                /usr/local/CrossPack-AVR-20120217/lib/gcc/avr/4.5.1/../../../../avr/lib/libpololu_atmega328p.a(OrangutanLCD.o)
OrangutanLCD::printBinary(unsigned char)          /usr/local/CrossPack-AVR-20120217/lib/gcc/avr/4.5.1/../../../../avr/lib/libpololu_atmega328p.a(OrangutanLCD.o)
OrangutanLCD::printFromProgramSpace(char const*)  /usr/local/CrossPack-AVR-20120217/lib/gcc/avr/4.5.1/../../../../avr/lib/libpololu_atmega328p.a(OrangutanLCD.o)
OrangutanLCD::printHex(unsigned char)             /usr/local/CrossPack-AVR-20120217/lib/gcc/avr/4.5.1/../../../../avr/lib/libpololu_atmega328p.a(OrangutanLCD.o)
OrangutanLCD::printHex(unsigned int)              /usr/local/CrossPack-AVR-20120217/lib/gcc/avr/4.5.1/../../../../avr/lib/libpololu_atmega328p.a(OrangutanLCD.o)
OrangutanLCD::printHexNibble(unsigned char)       /usr/local/CrossPack-AVR-20120217/lib/gcc/avr/4.5.1/../../../../avr/lib/libpololu_atmega328p.a(OrangutanLCD.o)
OrangutanLCD::printIn(char const*)                /usr/local/CrossPack-AVR-20120217/lib/gcc/avr/4.5.1/../../../../avr/lib/libpololu_atmega328p.a(OrangutanLCD.o)
OrangutanLCD::scroll(unsigned char, unsigned char, unsigned int) /usr/local/CrossPack-AVR-20120217/lib/gcc/avr/4.5.1/../../../../avr/lib/libpololu_atmega328p.a(OrangutanLCD.o)
OrangutanLCD::send(unsigned char, unsigned char, unsigned char) /usr/local/CrossPack-AVR-20120217/lib/gcc/avr/4.5.1/../../../../avr/lib/libpololu_atmega328p.a(OrangutanLCD.o)
OrangutanLCD::sendData(unsigned char)             /usr/local/CrossPack-AVR-20120217/lib/gcc/avr/4.5.1/../../../../avr/lib/libpololu_atmega328p.a(OrangutanLCD.o)
OrangutanLCD::send_4bit_cmd(unsigned char)        /usr/local/CrossPack-AVR-20120217/lib/gcc/avr/4.5.1/../../../../avr/lib/libpololu_atmega328p.a(OrangutanLCD.o)
OrangutanLCD::send_cmd(unsigned char)             /usr/local/CrossPack-AVR-20120217/lib/gcc/avr/4.5.1/../../../../avr/lib/libpololu_atmega328p.a(OrangutanLCD.o)
OrangutanLCD::send_data(unsigned char)            /usr/local/CrossPack-AVR-20120217/lib/gcc/avr/4.5.1/../../../../avr/lib/libpololu_atmega328p.a(OrangutanLCD.o)
OrangutanLCD::showCursor(unsigned char)           /usr/local/CrossPack-AVR-20120217/lib/gcc/avr/4.5.1/../../../../avr/lib/libpololu_atmega328p.a(OrangutanLCD.o)
OrangutanTime::delayMicroseconds(unsigned int)    /usr/local/CrossPack-AVR-20120217/lib/gcc/avr/4.5.1/../../../../avr/lib/libpololu_atmega328p.a(OrangutanTime.o)
OrangutanTime::delayMilliseconds(unsigned int)    /usr/local/CrossPack-AVR-20120217/lib/gcc/avr/4.5.1/../../../../avr/lib/libpololu_atmega328p.a(OrangutanTime.o)
OrangutanTime::init()                             /usr/local/CrossPack-AVR-20120217/lib/gcc/avr/4.5.1/../../../../avr/lib/libpololu_atmega328p.a(OrangutanTime.o)
OrangutanTime::init()::initialized                /usr/local/CrossPack-AVR-20120217/lib/gcc/avr/4.5.1/../../../../avr/lib/libpololu_atmega328p.a(OrangutanTime.o)
OrangutanTime::init2()                            /usr/local/CrossPack-AVR-20120217/lib/gcc/avr/4.5.1/../../../../avr/lib/libpololu_atmega328p.a(OrangutanTime.o)
OrangutanTime::ms()                               /usr/local/CrossPack-AVR-20120217/lib/gcc/avr/4.5.1/../../../../avr/lib/libpololu_atmega328p.a(OrangutanTime.o)
OrangutanTime::reset()                            /usr/local/CrossPack-AVR-20120217/lib/gcc/avr/4.5.1/../../../../avr/lib/libpololu_atmega328p.a(OrangutanTime.o)
OrangutanTime::ticks()                            /usr/local/CrossPack-AVR-20120217/lib/gcc/avr/4.5.1/../../../../avr/lib/libpololu_atmega328p.a(OrangutanTime.o)
OrangutanTime::ticksToMicroseconds(unsigned long) /usr/local/CrossPack-AVR-20120217/lib/gcc/avr/4.5.1/../../../../avr/lib/libpololu_atmega328p.a(OrangutanTime.o)
__bad_interrupt                                   /usr/local/CrossPack-AVR-20120217/lib/gcc/avr/4.5.1/../../../../avr/lib/avr5/crtm328p.o
__brkval                                          /usr/local/CrossPack-AVR-20120217/lib/gcc/avr/4.5.1/../../../../avr/lib/avr5/libc.a(malloc.o)
__bss_end                                         /usr/local/CrossPack-AVR-20120217/lib/gcc/avr/4.5.1/avr5/libgcc.a(_clear_bss.o)
__bss_start                                       /usr/local/CrossPack-AVR-20120217/lib/gcc/avr/4.5.1/avr5/libgcc.a(_clear_bss.o)
__data_end                                        /usr/local/CrossPack-AVR-20120217/lib/gcc/avr/4.5.1/avr5/libgcc.a(_copy_data.o)
__data_load_start                                 /usr/local/CrossPack-AVR-20120217/lib/gcc/avr/4.5.1/avr5/libgcc.a(_copy_data.o)
__data_start                                      /usr/local/CrossPack-AVR-20120217/lib/gcc/avr/4.5.1/avr5/libgcc.a(_copy_data.o)
__divmodsi4                                       /usr/local/CrossPack-AVR-20120217/lib/gcc/avr/4.5.1/avr5/libgcc.a(_divmodsi4.o)
                                                  /usr/local/CrossPack-AVR-20120217/lib/gcc/avr/4.5.1/../../../../avr/lib/libpololu_atmega328p.a(OrangutanBuzzer.o)
__do_clear_bss                                    /usr/local/CrossPack-AVR-20120217/lib/gcc/avr/4.5.1/avr5/libgcc.a(_clear_bss.o)
                                                  /usr/local/CrossPack-AVR-20120217/lib/gcc/avr/4.5.1/../../../../avr/lib/avr5/libc.a(iob.o)
                                                  /usr/local/CrossPack-AVR-20120217/lib/gcc/avr/4.5.1/../../../../avr/lib/avr5/libc.a(malloc.o)
                                                  /usr/local/CrossPack-AVR-20120217/lib/gcc/avr/4.5.1/../../../../avr/lib/libpololu_atmega328p.a(OrangutanTime.o)
                                                  /usr/local/CrossPack-AVR-20120217/lib/gcc/avr/4.5.1/../../../../avr/lib/libpololu_atmega328p.a(OrangutanLCD.o)
                                                  /usr/local/CrossPack-AVR-20120217/lib/gcc/avr/4.5.1/../../../../avr/lib/libpololu_atmega328p.a(OrangutanBuzzer.o)
__do_copy_data                                    /usr/local/CrossPack-AVR-20120217/lib/gcc/avr/4.5.1/avr5/libgcc.a(_copy_data.o)
                                                  /usr/local/CrossPack-AVR-20120217/lib/gcc/avr/4.5.1/../../../../avr/lib/avr5/libc.a(malloc.o)
                                                  /usr/local/CrossPack-AVR-20120217/lib/gcc/avr/4.5.1/../../../../avr/lib/libpololu_atmega328p.a(OrangutanLCD.o)
                                                  /usr/local/CrossPack-AVR-20120217/lib/gcc/avr/4.5.1/../../../../avr/lib/libpololu_atmega328p.a(OrangutanBuzzer.o)
                                                  ./src/main.o
__epilogue_restores__                             /usr/local/CrossPack-AVR-20120217/lib/gcc/avr/4.5.1/avr5/libgcc.a(_epilogue.o)
                                                  /usr/local/CrossPack-AVR-20120217/lib/gcc/avr/4.5.1/../../../../avr/lib/libpololu_atmega328p.a(OrangutanLCD.o)
                                                  /usr/local/CrossPack-AVR-20120217/lib/gcc/avr/4.5.1/../../../../avr/lib/libpololu_atmega328p.a(OrangutanBuzzer.o)
__flp                                             /usr/local/CrossPack-AVR-20120217/lib/gcc/avr/4.5.1/../../../../avr/lib/avr5/libc.a(malloc.o)
__heap_end                                        /usr/local/CrossPack-AVR-20120217/lib/gcc/avr/4.5.1/../../../../avr/lib/avr5/crtm328p.o
                                                  /usr/local/CrossPack-AVR-20120217/lib/gcc/avr/4.5.1/../../../../avr/lib/avr5/libc.a(malloc.o)
__heap_start                                      /usr/local/CrossPack-AVR-20120217/lib/gcc/avr/4.5.1/../../../../avr/lib/avr5/libc.a(malloc.o)
__init                                            /usr/local/CrossPack-AVR-20120217/lib/gcc/avr/4.5.1/../../../../avr/lib/avr5/crtm328p.o
__iob                                             /usr/local/CrossPack-AVR-20120217/lib/gcc/avr/4.5.1/../../../../avr/lib/avr5/libc.a(iob.o)
                                                  /usr/local/CrossPack-AVR-20120217/lib/gcc/avr/4.5.1/../../../../avr/lib/avr5/libc.a(fdevopen.o)
__malloc_heap_end                                 /usr/local/CrossPack-AVR-20120217/lib/gcc/avr/4.5.1/../../../../avr/lib/avr5/libc.a(malloc.o)
__malloc_heap_start                               /usr/local/CrossPack-AVR-20120217/lib/gcc/avr/4.5.1/../../../../avr/lib/avr5/libc.a(malloc.o)
__malloc_margin                                   /usr/local/CrossPack-AVR-20120217/lib/gcc/avr/4.5.1/../../../../avr/lib/avr5/libc.a(malloc.o)
__mulsi3                                          /usr/local/CrossPack-AVR-20120217/lib/gcc/avr/4.5.1/avr5/libgcc.a(_mulsi3.o)
                                                  /usr/local/CrossPack-AVR-20120217/lib/gcc/avr/4.5.1/../../../../avr/lib/libpololu_atmega328p.a(OrangutanBuzzer.o)
__prologue_saves__                                /usr/local/CrossPack-AVR-20120217/lib/gcc/avr/4.5.1/avr5/libgcc.a(_prologue.o)
                                                  /usr/local/CrossPack-AVR-20120217/lib/gcc/avr/4.5.1/../../../../avr/lib/libpololu_atmega328p.a(OrangutanLCD.o)
                                                  /usr/local/CrossPack-AVR-20120217/lib/gcc/avr/4.5.1/../../../../avr/lib/libpololu_atmega328p.a(OrangutanBuzzer.o)
__stack                                           /usr/local/CrossPack-AVR-20120217/lib/gcc/avr/4.5.1/../../../../avr/lib/avr5/crtm328p.o
__udivmodhi4                                      /usr/local/CrossPack-AVR-20120217/lib/gcc/avr/4.5.1/avr5/libgcc.a(_udivmodhi4.o)
                                                  /usr/local/CrossPack-AVR-20120217/lib/gcc/avr/4.5.1/../../../../avr/lib/libpololu_atmega328p.a(OrangutanBuzzer.o)
__udivmodqi4                                      /usr/local/CrossPack-AVR-20120217/lib/gcc/avr/4.5.1/avr5/libgcc.a(_udivmodqi4.o)
                                                  /usr/local/CrossPack-AVR-20120217/lib/gcc/avr/4.5.1/../../../../avr/lib/libpololu_atmega328p.a(OrangutanBuzzer.o)
__udivmodsi4                                      /usr/local/CrossPack-AVR-20120217/lib/gcc/avr/4.5.1/avr5/libgcc.a(_udivmodsi4.o)
                                                  /usr/local/CrossPack-AVR-20120217/lib/gcc/avr/4.5.1/avr5/libgcc.a(_divmodsi4.o)
                                                  /usr/local/CrossPack-AVR-20120217/lib/gcc/avr/4.5.1/../../../../avr/lib/libpololu_atmega328p.a(OrangutanTime.o)
                                                  /usr/local/CrossPack-AVR-20120217/lib/gcc/avr/4.5.1/../../../../avr/lib/libpololu_atmega328p.a(OrangutanLCD.o)
                                                  /usr/local/CrossPack-AVR-20120217/lib/gcc/avr/4.5.1/../../../../avr/lib/libpololu_atmega328p.a(OrangutanBuzzer.o)
__vector_1                                        /usr/local/CrossPack-AVR-20120217/lib/gcc/avr/4.5.1/../../../../avr/lib/avr5/crtm328p.o
__vector_10                                       /usr/local/CrossPack-AVR-20120217/lib/gcc/avr/4.5.1/../../../../avr/lib/avr5/crtm328p.o
__vector_11                                       /usr/local/CrossPack-AVR-20120217/lib/gcc/avr/4.5.1/../../../../avr/lib/avr5/crtm328p.o
__vector_12                                       /usr/local/CrossPack-AVR-20120217/lib/gcc/avr/4.5.1/../../../../avr/lib/avr5/crtm328p.o
__vector_13                                       /usr/local/CrossPack-AVR-20120217/lib/gcc/avr/4.5.1/../../../../avr/lib/libpololu_atmega328p.a(OrangutanBuzzer.o)
                                                  /usr/local/CrossPack-AVR-20120217/lib/gcc/avr/4.5.1/../../../../avr/lib/avr5/crtm328p.o
__vector_14                                       /usr/local/CrossPack-AVR-20120217/lib/gcc/avr/4.5.1/../../../../avr/lib/avr5/crtm328p.o
__vector_15                                       /usr/local/CrossPack-AVR-20120217/lib/gcc/avr/4.5.1/../../../../avr/lib/avr5/crtm328p.o
__vector_16                                       /usr/local/CrossPack-AVR-20120217/lib/gcc/avr/4.5.1/../../../../avr/lib/avr5/crtm328p.o
__vector_17                                       /usr/local/CrossPack-AVR-20120217/lib/gcc/avr/4.5.1/../../../../avr/lib/avr5/crtm328p.o
__vector_18                                       /usr/local/CrossPack-AVR-20120217/lib/gcc/avr/4.5.1/../../../../avr/lib/avr5/crtm328p.o
__vector_19                                       /usr/local/CrossPack-AVR-20120217/lib/gcc/avr/4.5.1/../../../../avr/lib/avr5/crtm328p.o
__vector_2                                        /usr/local/CrossPack-AVR-20120217/lib/gcc/avr/4.5.1/../../../../avr/lib/avr5/crtm328p.o
__vector_20                                       /usr/local/CrossPack-AVR-20120217/lib/gcc/avr/4.5.1/../../../../avr/lib/avr5/crtm328p.o
__vector_21                                       /usr/local/CrossPack-AVR-20120217/lib/gcc/avr/4.5.1/../../../../avr/lib/avr5/crtm328p.o
__vector_22                                       /usr/local/CrossPack-AVR-20120217/lib/gcc/avr/4.5.1/../../../../avr/lib/avr5/crtm328p.o
__vector_23                                       /usr/local/CrossPack-AVR-20120217/lib/gcc/avr/4.5.1/../../../../avr/lib/avr5/crtm328p.o
__vector_24                                       /usr/local/CrossPack-AVR-20120217/lib/gcc/avr/4.5.1/../../../../avr/lib/avr5/crtm328p.o
__vector_25                                       /usr/local/CrossPack-AVR-20120217/lib/gcc/avr/4.5.1/../../../../avr/lib/avr5/crtm328p.o
__vector_3                                        /usr/local/CrossPack-AVR-20120217/lib/gcc/avr/4.5.1/../../../../avr/lib/avr5/crtm328p.o
__vector_4                                        /usr/local/CrossPack-AVR-20120217/lib/gcc/avr/4.5.1/../../../../avr/lib/avr5/crtm328p.o
__vector_5                                        /usr/local/CrossPack-AVR-20120217/lib/gcc/avr/4.5.1/../../../../avr/lib/avr5/crtm328p.o
__vector_6                                        /usr/local/CrossPack-AVR-20120217/lib/gcc/avr/4.5.1/../../../../avr/lib/avr5/crtm328p.o
__vector_7                                        /usr/local/CrossPack-AVR-20120217/lib/gcc/avr/4.5.1/../../../../avr/lib/avr5/crtm328p.o
__vector_8                                        /usr/local/CrossPack-AVR-20120217/lib/gcc/avr/4.5.1/../../../../avr/lib/avr5/crtm328p.o
__vector_9                                        /usr/local/CrossPack-AVR-20120217/lib/gcc/avr/4.5.1/../../../../avr/lib/libpololu_atmega328p.a(OrangutanTime.o)
                                                  /usr/local/CrossPack-AVR-20120217/lib/gcc/avr/4.5.1/../../../../avr/lib/avr5/crtm328p.o
__vector_default                                  /usr/local/CrossPack-AVR-20120217/lib/gcc/avr/4.5.1/../../../../avr/lib/avr5/crtm328p.o
__vectors                                         /usr/local/CrossPack-AVR-20120217/lib/gcc/avr/4.5.1/../../../../avr/lib/avr5/crtm328p.o
_exit                                             /usr/local/CrossPack-AVR-20120217/lib/gcc/avr/4.5.1/avr5/libgcc.a(_exit.o)
buzzerFinished                                    /usr/local/CrossPack-AVR-20120217/lib/gcc/avr/4.5.1/../../../../avr/lib/libpololu_atmega328p.a(OrangutanBuzzer.o)
buzzerInitialized                                 /usr/local/CrossPack-AVR-20120217/lib/gcc/avr/4.5.1/../../../../avr/lib/libpololu_atmega328p.a(OrangutanBuzzer.o)
buzzerSequence                                    /usr/local/CrossPack-AVR-20120217/lib/gcc/avr/4.5.1/../../../../avr/lib/libpololu_atmega328p.a(OrangutanBuzzer.o)
calloc                                            /usr/local/CrossPack-AVR-20120217/lib/gcc/avr/4.5.1/../../../../avr/lib/avr5/libc.a(calloc.o)
                                                  /usr/local/CrossPack-AVR-20120217/lib/gcc/avr/4.5.1/../../../../avr/lib/avr5/libc.a(fdevopen.o)
clear                                             /usr/local/CrossPack-AVR-20120217/lib/gcc/avr/4.5.1/../../../../avr/lib/libpololu_atmega328p.a(OrangutanLCD.o)
col                                               /usr/local/CrossPack-AVR-20120217/lib/gcc/avr/4.5.1/../../../../avr/lib/libpololu_atmega328p.a(OrangutanLCD.o)
debug_puts(char const*)                           ./src/main.o
delay_ms                                          /usr/local/CrossPack-AVR-20120217/lib/gcc/avr/4.5.1/../../../../avr/lib/libpololu_atmega328p.a(OrangutanTime.o)
                                                  /usr/local/CrossPack-AVR-20120217/lib/gcc/avr/4.5.1/../../../../avr/lib/libpololu_atmega328p.a(OrangutanLCD.o)
                                                  ./src/main.o
exit                                              /usr/local/CrossPack-AVR-20120217/lib/gcc/avr/4.5.1/avr5/libgcc.a(_exit.o)
                                                  /usr/local/CrossPack-AVR-20120217/lib/gcc/avr/4.5.1/../../../../avr/lib/avr5/crtm328p.o
fdevopen                                          /usr/local/CrossPack-AVR-20120217/lib/gcc/avr/4.5.1/../../../../avr/lib/avr5/libc.a(fdevopen.o)
                                                  /usr/local/CrossPack-AVR-20120217/lib/gcc/avr/4.5.1/../../../../avr/lib/libpololu_atmega328p.a(OrangutanLCD.o)
free                                              /usr/local/CrossPack-AVR-20120217/lib/gcc/avr/4.5.1/../../../../avr/lib/avr5/libc.a(malloc.o)
                                                  /usr/local/CrossPack-AVR-20120217/lib/gcc/avr/4.5.1/../../../../avr/lib/libpololu_atmega328p.a(OrangutanLCD.o)
get_ms                                            /usr/local/CrossPack-AVR-20120217/lib/gcc/avr/4.5.1/../../../../avr/lib/libpololu_atmega328p.a(OrangutanTime.o)
get_ticks                                         /usr/local/CrossPack-AVR-20120217/lib/gcc/avr/4.5.1/../../../../avr/lib/libpololu_atmega328p.a(OrangutanTime.o)
is_playing                                        /usr/local/CrossPack-AVR-20120217/lib/gcc/avr/4.5.1/../../../../avr/lib/libpololu_atmega328p.a(OrangutanBuzzer.o)
lcdTimeout                                        /usr/local/CrossPack-AVR-20120217/lib/gcc/avr/4.5.1/../../../../avr/lib/libpololu_atmega328p.a(OrangutanLCD.o)
lcd_goto_xy                                       /usr/local/CrossPack-AVR-20120217/lib/gcc/avr/4.5.1/../../../../avr/lib/libpololu_atmega328p.a(OrangutanLCD.o)
lcd_hide_cursor                                   /usr/local/CrossPack-AVR-20120217/lib/gcc/avr/4.5.1/../../../../avr/lib/libpololu_atmega328p.a(OrangutanLCD.o)
lcd_init_printf                                   /usr/local/CrossPack-AVR-20120217/lib/gcc/avr/4.5.1/../../../../avr/lib/libpololu_atmega328p.a(OrangutanLCD.o)
lcd_init_printf_with_dimensions                   /usr/local/CrossPack-AVR-20120217/lib/gcc/avr/4.5.1/../../../../avr/lib/libpololu_atmega328p.a(OrangutanLCD.o)
lcd_load_custom_character                         /usr/local/CrossPack-AVR-20120217/lib/gcc/avr/4.5.1/../../../../avr/lib/libpololu_atmega328p.a(OrangutanLCD.o)
lcd_move_cursor                                   /usr/local/CrossPack-AVR-20120217/lib/gcc/avr/4.5.1/../../../../avr/lib/libpololu_atmega328p.a(OrangutanLCD.o)
lcd_putchar                                       /usr/local/CrossPack-AVR-20120217/lib/gcc/avr/4.5.1/../../../../avr/lib/libpololu_atmega328p.a(OrangutanLCD.o)
lcd_scroll                                        /usr/local/CrossPack-AVR-20120217/lib/gcc/avr/4.5.1/../../../../avr/lib/libpololu_atmega328p.a(OrangutanLCD.o)
lcd_show_cursor                                   /usr/local/CrossPack-AVR-20120217/lib/gcc/avr/4.5.1/../../../../avr/lib/libpololu_atmega328p.a(OrangutanLCD.o)
main                                              ./src/main.o
                                                  /usr/local/CrossPack-AVR-20120217/lib/gcc/avr/4.5.1/../../../../avr/lib/avr5/crtm328p.o
malloc                                            /usr/local/CrossPack-AVR-20120217/lib/gcc/avr/4.5.1/../../../../avr/lib/avr5/libc.a(malloc.o)
                                                  /usr/local/CrossPack-AVR-20120217/lib/gcc/avr/4.5.1/../../../../avr/lib/avr5/libc.a(calloc.o)
                                                  /usr/local/CrossPack-AVR-20120217/lib/gcc/avr/4.5.1/../../../../avr/lib/libpololu_atmega328p.a(OrangutanLCD.o)
memset                                            /usr/local/CrossPack-AVR-20120217/lib/gcc/avr/4.5.1/../../../../avr/lib/avr5/libc.a(memset.o)
                                                  /usr/local/CrossPack-AVR-20120217/lib/gcc/avr/4.5.1/../../../../avr/lib/avr5/libc.a(calloc.o)
msCounter                                         /usr/local/CrossPack-AVR-20120217/lib/gcc/avr/4.5.1/../../../../avr/lib/libpololu_atmega328p.a(OrangutanTime.o)
numLCDCols                                        /usr/local/CrossPack-AVR-20120217/lib/gcc/avr/4.5.1/../../../../avr/lib/libpololu_atmega328p.a(OrangutanLCD.o)
numLCDRows                                        /usr/local/CrossPack-AVR-20120217/lib/gcc/avr/4.5.1/../../../../avr/lib/libpololu_atmega328p.a(OrangutanLCD.o)
play                                              /usr/local/CrossPack-AVR-20120217/lib/gcc/avr/4.5.1/../../../../avr/lib/libpololu_atmega328p.a(OrangutanBuzzer.o)
                                                  ./src/main.o
play_check                                        /usr/local/CrossPack-AVR-20120217/lib/gcc/avr/4.5.1/../../../../avr/lib/libpololu_atmega328p.a(OrangutanBuzzer.o)
play_frequency                                    /usr/local/CrossPack-AVR-20120217/lib/gcc/avr/4.5.1/../../../../avr/lib/libpololu_atmega328p.a(OrangutanBuzzer.o)
play_from_program_space                           /usr/local/CrossPack-AVR-20120217/lib/gcc/avr/4.5.1/../../../../avr/lib/libpololu_atmega328p.a(OrangutanBuzzer.o)
play_mode                                         /usr/local/CrossPack-AVR-20120217/lib/gcc/avr/4.5.1/../../../../avr/lib/libpololu_atmega328p.a(OrangutanBuzzer.o)
play_note                                         /usr/local/CrossPack-AVR-20120217/lib/gcc/avr/4.5.1/../../../../avr/lib/libpololu_atmega328p.a(OrangutanBuzzer.o)
print                                             /usr/local/CrossPack-AVR-20120217/lib/gcc/avr/4.5.1/../../../../avr/lib/libpololu_atmega328p.a(OrangutanLCD.o)
                                                  ./src/main.o
print_binary                                      /usr/local/CrossPack-AVR-20120217/lib/gcc/avr/4.5.1/../../../../avr/lib/libpololu_atmega328p.a(OrangutanLCD.o)
print_character                                   /usr/local/CrossPack-AVR-20120217/lib/gcc/avr/4.5.1/../../../../avr/lib/libpololu_atmega328p.a(OrangutanLCD.o)
print_from_program_space                          /usr/local/CrossPack-AVR-20120217/lib/gcc/avr/4.5.1/../../../../avr/lib/libpololu_atmega328p.a(OrangutanLCD.o)
print_hex                                         /usr/local/CrossPack-AVR-20120217/lib/gcc/avr/4.5.1/../../../../avr/lib/libpololu_atmega328p.a(OrangutanLCD.o)
print_hex_byte                                    /usr/local/CrossPack-AVR-20120217/lib/gcc/avr/4.5.1/../../../../avr/lib/libpololu_atmega328p.a(OrangutanLCD.o)
print_long                                        /usr/local/CrossPack-AVR-20120217/lib/gcc/avr/4.5.1/../../../../avr/lib/libpololu_atmega328p.a(OrangutanLCD.o)
print_unsigned_long                               /usr/local/CrossPack-AVR-20120217/lib/gcc/avr/4.5.1/../../../../avr/lib/libpololu_atmega328p.a(OrangutanLCD.o)
printf_chars                                      /usr/local/CrossPack-AVR-20120217/lib/gcc/avr/4.5.1/../../../../avr/lib/libpololu_atmega328p.a(OrangutanLCD.o)
row                                               /usr/local/CrossPack-AVR-20120217/lib/gcc/avr/4.5.1/../../../../avr/lib/libpololu_atmega328p.a(OrangutanLCD.o)
stop_playing                                      /usr/local/CrossPack-AVR-20120217/lib/gcc/avr/4.5.1/../../../../avr/lib/libpololu_atmega328p.a(OrangutanBuzzer.o)
tickCount                                         /usr/local/CrossPack-AVR-20120217/lib/gcc/avr/4.5.1/../../../../avr/lib/libpololu_atmega328p.a(OrangutanTime.o)
ticks_to_microseconds                             /usr/local/CrossPack-AVR-20120217/lib/gcc/avr/4.5.1/../../../../avr/lib/libpololu_atmega328p.a(OrangutanTime.o)
time_reset                                        /usr/local/CrossPack-AVR-20120217/lib/gcc/avr/4.5.1/../../../../avr/lib/libpololu_atmega328p.a(OrangutanTime.o)
us_over_10                                        /usr/local/CrossPack-AVR-20120217/lib/gcc/avr/4.5.1/../../../../avr/lib/libpololu_atmega328p.a(OrangutanTime.o)
void_getchar                                      /usr/local/CrossPack-AVR-20120217/lib/gcc/avr/4.5.1/../../../../avr/lib/libpololu_atmega328p.a(OrangutanLCD.o)
